Component: Arm Compiler for Embedded 6.21 Tool: armlink [5ec1fa00]

==============================================================================

Section Cross References

    startup_stm32f303xc.o(STACK) refers (Special) to heapauxi.o(.text) for __use_two_region_memory
    startup_stm32f303xc.o(HEAP) refers (Special) to heapauxi.o(.text) for __use_two_region_memory
    startup_stm32f303xc.o(RESET) refers (Special) to heapauxi.o(.text) for __use_two_region_memory
    startup_stm32f303xc.o(RESET) refers to startup_stm32f303xc.o(STACK) for __initial_sp
    startup_stm32f303xc.o(RESET) refers to startup_stm32f303xc.o(.text) for Reset_Handler
    startup_stm32f303xc.o(RESET) refers to stm32f3xx_it.o(.text.NMI_Handler) for NMI_Handler
    startup_stm32f303xc.o(RESET) refers to stm32f3xx_it.o(.text.HardFault_Handler) for HardFault_Handler
    startup_stm32f303xc.o(RESET) refers to stm32f3xx_it.o(.text.MemManage_Handler) for MemManage_Handler
    startup_stm32f303xc.o(RESET) refers to stm32f3xx_it.o(.text.BusFault_Handler) for BusFault_Handler
    startup_stm32f303xc.o(RESET) refers to stm32f3xx_it.o(.text.UsageFault_Handler) for UsageFault_Handler
    startup_stm32f303xc.o(RESET) refers to stm32f3xx_it.o(.text.SVC_Handler) for SVC_Handler
    startup_stm32f303xc.o(RESET) refers to stm32f3xx_it.o(.text.DebugMon_Handler) for DebugMon_Handler
    startup_stm32f303xc.o(RESET) refers to stm32f3xx_it.o(.text.PendSV_Handler) for PendSV_Handler
    startup_stm32f303xc.o(RESET) refers to stm32f3xx_it.o(.text.SysTick_Handler) for SysTick_Handler
    startup_stm32f303xc.o(RESET) refers to stm32f3xx_it.o(.text.DMA1_Channel1_IRQHandler) for DMA1_Channel1_IRQHandler
    startup_stm32f303xc.o(RESET) refers to stm32f3xx_it.o(.text.TIM3_IRQHandler) for TIM3_IRQHandler
    startup_stm32f303xc.o(.text) refers (Special) to heapauxi.o(.text) for __use_two_region_memory
    startup_stm32f303xc.o(.text) refers to system_stm32f3xx.o(.text.SystemInit) for SystemInit
    startup_stm32f303xc.o(.text) refers to __main.o(!!!main) for __main
    startup_stm32f303xc.o(.text) refers to startup_stm32f303xc.o(HEAP) for Heap_Mem
    startup_stm32f303xc.o(.text) refers to startup_stm32f303xc.o(STACK) for Stack_Mem
    main.o(.ARM.exidx.text.uint_to_float) refers to main.o(.text.uint_to_float) for [Anonymous Symbol]
    main.o(.ARM.exidx.text.float_to_uint) refers to main.o(.text.float_to_uint) for [Anonymous Symbol]
    main.o(.text.main) refers to stm32f3xx_hal.o(.text.HAL_Init) for HAL_Init
    main.o(.text.main) refers to rt_memclr_w.o(.text) for __aeabi_memclr4
    main.o(.text.main) refers to stm32f3xx_hal_rcc.o(.text.HAL_RCC_OscConfig) for HAL_RCC_OscConfig
    main.o(.text.main) refers to stm32f3xx_hal_rcc.o(.text.HAL_RCC_ClockConfig) for HAL_RCC_ClockConfig
    main.o(.text.main) refers to stm32f3xx_hal_rcc_ex.o(.text.HAL_RCCEx_PeriphCLKConfig) for HAL_RCCEx_PeriphCLKConfig
    main.o(.text.main) refers to gpio.o(.text.MX_GPIO_Init) for MX_GPIO_Init
    main.o(.text.main) refers to dma.o(.text.MX_DMA_Init) for MX_DMA_Init
    main.o(.text.main) refers to adc.o(.text.MX_ADC1_Init) for MX_ADC1_Init
    main.o(.text.main) refers to i2c.o(.text.MX_I2C1_Init) for MX_I2C1_Init
    main.o(.text.main) refers to tim.o(.text.MX_TIM3_Init) for MX_TIM3_Init
    main.o(.text.main) refers to can.o(.text.MX_CAN_Init) for MX_CAN_Init
    main.o(.text.main) refers to can_receive.o(.text.CAN_Init) for CAN_Init
    main.o(.text.main) refers to oled.o(.text.OLED_Init) for OLED_Init
    main.o(.text.main) refers to tim.o(.bss.htim3) for htim3
    main.o(.text.main) refers to stm32f3xx_hal_tim.o(.text.HAL_TIM_Base_Start_IT) for HAL_TIM_Base_Start_IT
    main.o(.text.main) refers to adc.o(.bss.hadc1) for hadc1
    main.o(.text.main) refers to stm32f3xx_hal_adc_ex.o(.text.HAL_ADCEx_Calibration_Start) for HAL_ADCEx_Calibration_Start
    main.o(.text.main) refers to main.o(.data.adc_data) for adc_data
    main.o(.text.main) refers to stm32f3xx_hal_adc_ex.o(.text.HAL_ADC_Start_DMA) for HAL_ADC_Start_DMA
    main.o(.text.main) refers to main.o(.bss..L_MergedGlobals) for .L_MergedGlobals
    main.o(.text.main) refers to can.o(.bss.hcan) for hcan
    main.o(.text.main) refers to f2d.o(x$fpl$f2d) for __aeabi_f2d
    main.o(.text.main) refers to dmul.o(x$fpl$dmul) for __aeabi_dmul
    main.o(.text.main) refers to dfix.o(x$fpl$dfix) for __aeabi_d2iz
    main.o(.text.main) refers to oled.o(.text.OLED_ShowString) for OLED_ShowString
    main.o(.text.main) refers to oled.o(.text.OLED_ShowSignedNum) for OLED_ShowSignedNum
    main.o(.text.main) refers to oled.o(.text.OLED_ShowChar) for OLED_ShowChar
    main.o(.text.main) refers to oled.o(.text.OLED_ShowNum) for OLED_ShowNum
    main.o(.text.main) refers to can_receive.o(.text.CAN_SendData) for CAN_SendData
    main.o(.text.main) refers to stm32f3xx_hal_gpio.o(.text.HAL_GPIO_ReadPin) for HAL_GPIO_ReadPin
    main.o(.text.main) refers to stm32f3xx_hal.o(.text.HAL_Delay) for HAL_Delay
[...]
    Removing stm32f3xx_hal_tim_ex.o(.ARM.exidx.text.HAL_TIMEx_ConfigCommutEvent_DMA), (8 bytes).
    Removing stm32f3xx_hal_tim_ex.o(.text.TIMEx_DMACommutationCplt), (12 bytes).
    Removing stm32f3xx_hal_tim_ex.o(.ARM.exidx.text.TIMEx_DMACommutationCplt), (8 bytes).
    Removing stm32f3xx_hal_tim_ex.o(.text.TIMEx_DMACommutationHalfCplt), (12 bytes).
    Removing stm32f3xx_hal_tim_ex.o(.ARM.exidx.text.TIMEx_DMACommutationHalfCplt), (8 bytes).
    Removing stm32f3xx_hal_tim_ex.o(.ARM.exidx.text.HAL_TIMEx_MasterConfigSynchronization), (8 bytes).
    Removing stm32f3xx_hal_tim_ex.o(.text.HAL_TIMEx_ConfigBreakDeadTime), (168 bytes).
    Removing stm32f3xx_hal_tim_ex.o(.ARM.exidx.text.HAL_TIMEx_ConfigBreakDeadTime), (8 bytes).
    Removing stm32f3xx_hal_tim_ex.o(.text.HAL_TIMEx_RemapConfig), (26 bytes).
    Removing stm32f3xx_hal_tim_ex.o(.ARM.exidx.text.HAL_TIMEx_RemapConfig), (8 bytes).
    Removing stm32f3xx_hal_tim_ex.o(.text.HAL_TIMEx_GroupChannel5), (48 bytes).
    Removing stm32f3xx_hal_tim_ex.o(.ARM.exidx.text.HAL_TIMEx_GroupChannel5), (8 bytes).
    Removing stm32f3xx_hal_tim_ex.o(.ARM.exidx.text.HAL_TIMEx_CommutCallback), (8 bytes).
    Removing stm32f3xx_hal_tim_ex.o(.text.HAL_TIMEx_CommutHalfCpltCallback), (2 bytes).
    Removing stm32f3xx_hal_tim_ex.o(.ARM.exidx.text.HAL_TIMEx_CommutHalfCpltCallback), (8 bytes).
    Removing stm32f3xx_hal_tim_ex.o(.ARM.exidx.text.HAL_TIMEx_BreakCallback), (8 bytes).
    Removing stm32f3xx_hal_tim_ex.o(.ARM.exidx.text.HAL_TIMEx_Break2Callback), (8 bytes).
    Removing stm32f3xx_hal_tim_ex.o(.text.HAL_TIMEx_HallSensor_GetState), (6 bytes).
    Removing stm32f3xx_hal_tim_ex.o(.ARM.exidx.text.HAL_TIMEx_HallSensor_GetState), (8 bytes).
    Removing stm32f3xx_hal_tim_ex.o(.text.HAL_TIMEx_GetChannelNState), (34 bytes).
    Removing stm32f3xx_hal_tim_ex.o(.ARM.exidx.text.HAL_TIMEx_GetChannelNState), (8 bytes).
    Removing system_stm32f3xx.o(.text), (0 bytes).
    Removing system_stm32f3xx.o(.ARM.exidx.text.SystemInit), (8 bytes).
    Removing system_stm32f3xx.o(.text.SystemCoreClockUpdate), (104 bytes).
    Removing system_stm32f3xx.o(.ARM.exidx.text.SystemCoreClockUpdate), (8 bytes).
    Removing system_stm32f3xx.o(.rodata.APBPrescTable), (8 bytes).
    Removing oled.o(.text), (0 bytes).
    Removing oled.o(.text.OLED_I2C_Init), (98 bytes).
    Removing oled.o(.ARM.exidx.text.OLED_I2C_Init), (8 bytes).
    Removing oled.o(.text.OLED_I2C_Start), (54 bytes).
    Removing oled.o(.ARM.exidx.text.OLED_I2C_Start), (8 bytes).
    Removing oled.o(.text.OLED_I2C_Stop), (44 bytes).
    Removing oled.o(.ARM.exidx.text.OLED_I2C_Stop), (8 bytes).
    Removing oled.o(.ARM.exidx.text.OLED_I2C_SendByte), (8 bytes).
    Removing oled.o(.ARM.exidx.text.OLED_WriteCommand), (8 bytes).
    Removing oled.o(.ARM.exidx.text.OLED_WriteData), (8 bytes).
    Removing oled.o(.text.OLED_SetCursor), (32 bytes).
    Removing oled.o(.ARM.exidx.text.OLED_SetCursor), (8 bytes).
    Removing oled.o(.ARM.exidx.text.OLED_Clear), (8 bytes).
    Removing oled.o(.ARM.exidx.text.OLED_ShowChar), (8 bytes).
    Removing oled.o(.ARM.exidx.text.OLED_ShowString), (8 bytes).
    Removing oled.o(.text.OLED_Pow), (64 bytes).
    Removing oled.o(.ARM.exidx.text.OLED_Pow), (8 bytes).
    Removing oled.o(.ARM.exidx.text.OLED_ShowNum), (8 bytes).
    Removing oled.o(.ARM.exidx.text.OLED_ShowSignedNum), (8 bytes).
    Removing oled.o(.text.OLED_ShowHexNum), (148 bytes).
    Removing oled.o(.ARM.exidx.text.OLED_ShowHexNum), (8 bytes).
    Removing oled.o(.text.OLED_ShowBinNum), (140 bytes).
    Removing oled.o(.ARM.exidx.text.OLED_ShowBinNum), (8 bytes).
    Removing oled.o(.text.OLED_ShowCHINESE), (284 bytes).
    Removing oled.o(.ARM.exidx.text.OLED_ShowCHINESE), (8 bytes).
    Removing oled.o(.ARM.exidx.text.OLED_Init), (8 bytes).
    Removing oled.o(.bss.Hzk), (0 bytes).
    Removing can_receive.o(.text), (0 bytes).
    Removing can_receive.o(.text.CAN_Filter_Init), (52 bytes).
    Removing can_receive.o(.ARM.exidx.text.CAN_Filter_Init), (8 bytes).
    Removing can_receive.o(.ARM.exidx.text.CAN_Init), (8 bytes).
    Removing can_receive.o(.ARM.exidx.text.CAN_SendData), (8 bytes).
    Removing can_receive.o(.text.CAN_rx_rm_Data), (34 bytes).
    Removing can_receive.o(.ARM.exidx.text.CAN_rx_rm_Data), (8 bytes).
    Removing can_receive.o(.text.HAL_CAN_RxFifo0MsgPendingCallback), (18 bytes).
    Removing can_receive.o(.ARM.exidx.text.HAL_CAN_RxFifo0MsgPendingCallback), (8 bytes).
    Removing can_receive.o(.bss.hcanRxFrame), (36 bytes).
    Removing can_receive.o(.bss.CAN1_FilterConfig), (40 bytes).
    Removing can_receive.o(.bss.hcanTxFrame), (32 bytes).

981 unused section(s) (total 63634 bytes) removed from the image.

==============================================================================

Image Symbol Table

    Local Symbols

    Symbol Name                              Value     Ov Type        Size  Object(Section)

    ../clib/angel/boardlib.s                 0x00000000   Number         0  boardinit1.o ABSOLUTE
    ../clib/angel/boardlib.s                 0x00000000   Number         0  boardinit2.o ABSOLUTE
    ../clib/angel/boardlib.s                 0x00000000   Number         0  boardinit3.o ABSOLUTE
    ../clib/angel/boardlib.s                 0x00000000   Number         0  boardshut.o ABSOLUTE
    ../clib/angel/dczerorl2.s                0x00000000   Number         0  __dczerorl2.o ABSOLUTE
    ../clib/angel/handlers.s                 0x00000000   Number         0  __scatter_zi.o ABSOLUTE
    ../clib/angel/kernel.s                   0x00000000   Number         0  __rtentry.o ABSOLUTE
    ../clib/angel/kernel.s                   0x00000000   Number         0  __rtentry2.o ABSOLUTE
    ../clib/angel/kernel.s                   0x00000000   Number         0  __rtentry4.o ABSOLUTE
    ../clib/angel/kernel.s                   0x00000000   Number         0  rtexit.o ABSOLUTE
    ../clib/angel/kernel.s                   0x00000000   Number         0  rtexit2.o ABSOLUTE
    ../clib/angel/rt.s                       0x00000000   Number         0  rt_raise.o ABSOLUTE
    ../clib/angel/scatter.s                  0x00000000   Number         0  __scatter.o ABSOLUTE
    ../clib/angel/startup.s                  0x00000000   Number         0  __main.o ABSOLUTE
    ../clib/angel/sys.s                      0x00000000   Number         0  sys_stackheap_outer.o ABSOLUTE
    ../clib/angel/sys.s                      0x00000000   Number         0  libspace.o ABSOLUTE
    ../clib/angel/sys.s                      0x00000000   Number         0  use_no_semi.o ABSOLUTE
    ../clib/angel/sys.s                      0x00000000   Number         0  indicate_semi.o ABSOLUTE
    ../clib/angel/sysapp.c                   0x00000000   Number         0  sys_exit.o ABSOLUTE
    ../clib/angel/sysapp.c                   0x00000000   Number         0  sys_exit_hlt.o ABSOLUTE
    ../clib/angel/sysapp.c                   0x00000000   Number         0  sys_command.o ABSOLUTE
    ../clib/angel/sysapp.c                   0x00000000   Number         0  sys_command_hlt.o ABSOLUTE
    ../clib/angel/sysapp.c                   0x00000000   Number         0  sys_wrch.o ABSOLUTE
    ../clib/angel/sysapp.c                   0x00000000   Number         0  sys_wrch_hlt.o ABSOLUTE
    ../clib/armsys.c                         0x00000000   Number         0  argv_veneer.o ABSOLUTE
    ../clib/armsys.c                         0x00000000   Number         0  argv_veneer.o ABSOLUTE
    ../clib/armsys.c                         0x00000000   Number         0  _get_argv_nomalloc.o ABSOLUTE
    ../clib/armsys.c                         0x00000000   Number         0  no_argv.o ABSOLUTE
    ../clib/heapalloc.c                      0x00000000   Number         0  hrguard.o ABSOLUTE
    ../clib/heapaux.c                        0x00000000   Number         0  heapauxi.o ABSOLUTE
    ../clib/libinit.s                        0x00000000   Number         0  libinit.o ABSOLUTE
    ../clib/libinit.s                        0x00000000   Number         0  libinit2.o ABSOLUTE
    ../clib/libinit.s                        0x00000000   Number         0  libshutdown.o ABSOLUTE
    ../clib/libinit.s                        0x00000000   Number         0  libshutdown2.o ABSOLUTE
    ../clib/memcpset.s                       0x00000000   Number         0  rt_memclr_w.o ABSOLUTE
    ../clib/signal.c                         0x00000000   Number         0  defsig_rtmem_outer.o ABSOLUTE
    ../clib/signal.c                         0x00000000   Number         0  defsig_rtmem_formal.o ABSOLUTE
    ../clib/signal.c                         0x00000000   Number         0  defsig_exit.o ABSOLUTE
    ../clib/signal.c                         0x00000000   Number         0  defsig_rtmem_inner.o ABSOLUTE
    ../clib/signal.c                         0x00000000   Number         0  __raise.o ABSOLUTE
    ../clib/signal.c                         0x00000000   Number         0  defsig_general.o ABSOLUTE
    ../clib/signal.c                         0x00000000   Number         0  defsig_abrt_inner.o ABSOLUTE
    ../clib/signal.c                         0x00000000   Number         0  defsig_fpe_inner.o ABSOLUTE
    ../clib/signal.c                         0x00000000   Number         0  defsig_rtred_inner.o ABSOLUTE
    ../clib/signal.c                         0x00000000   Number         0  defsig_stak_inner.o ABSOLUTE
    ../clib/signal.c                         0x00000000   Number         0  defsig_pvfn_inner.o ABSOLUTE
    ../clib/signal.c                         0x00000000   Number         0  defsig_cppl_inner.o ABSOLUTE
    ../clib/signal.c                         0x00000000   Number         0  defsig_segv_inner.o ABSOLUTE
    ../clib/signal.c                         0x00000000   Number         0  defsig_other.o ABSOLUTE
    ../clib/signal.s                         0x00000000   Number         0  defsig.o ABSOLUTE
    ../clib/stdlib.c                         0x00000000   Number         0  exit.o ABSOLUTE
    ../fplib/dfix.s                          0x00000000   Number         0  dfix.o ABSOLUTE
    ../fplib/dmul.s                          0x00000000   Number         0  dmul.o ABSOLUTE
    ../fplib/dnaninf.s                       0x00000000   Number         0  dnaninf.o ABSOLUTE
    ../fplib/dretinf.s                       0x00000000   Number         0  dretinf.o ABSOLUTE
    ../fplib/f2d.s                           0x00000000   Number         0  f2d.o ABSOLUTE
    ../fplib/fnaninf.s                       0x00000000   Number         0  fnaninf.o ABSOLUTE
    ../fplib/fpinit.s                        0x00000000   Number         0  fpinit.o ABSOLUTE
    ../fplib/usenofp.s                       0x00000000   Number         0  usenofp.o ABSOLUTE
    OLED.c                                   0x00000000   Number         0  oled.o ABSOLUTE
    adc.c                                    0x00000000   Number         0  adc.o ABSOLUTE
    can.c                                    0x00000000   Number         0  can.o ABSOLUTE
    can_receive.c                            0x00000000   Number         0  can_receive.o ABSOLUTE
    dc.s                                     0x00000000   Number         0  dc.o ABSOLUTE
    dma.c                                    0x00000000   Number         0  dma.o ABSOLUTE
    gpio.c                                   0x00000000   Number         0  gpio.o ABSOLUTE
    i2c.c                                    0x00000000   Number         0  i2c.o ABSOLUTE
    main.c                                   0x00000000   Number         0  main.o ABSOLUTE
    startup_stm32f303xc.s                    0x00000000   Number         0  startup_stm32f303xc.o ABSOLUTE
    stm32f3xx_hal.c                          0x00000000   Number         0  stm32f3xx_hal.o ABSOLUTE
    stm32f3xx_hal_adc.c                      0x00000000   Number         0  stm32f3xx_hal_adc.o ABSOLUTE
    stm32f3xx_hal_adc_ex.c                   0x00000000   Number         0  stm32f3xx_hal_adc_ex.o ABSOLUTE
    stm32f3xx_hal_can.c                      0x00000000   Number         0  stm32f3xx_hal_can.o ABSOLUTE
    stm32f3xx_hal_cortex.c                   0x00000000   Number         0  stm32f3xx_hal_cortex.o ABSOLUTE
    stm32f3xx_hal_dma.c                      0x00000000   Number         0  stm32f3xx_hal_dma.o ABSOLUTE
    stm32f3xx_hal_exti.c                     0x00000000   Number         0  stm32f3xx_hal_exti.o ABSOLUTE
    stm32f3xx_hal_flash.c                    0x00000000   Number         0  stm32f3xx_hal_flash.o ABSOLUTE
    stm32f3xx_hal_flash_ex.c                 0x00000000   Number         0  stm32f3xx_hal_flash_ex.o ABSOLUTE
    stm32f3xx_hal_gpio.c                     0x00000000   Number         0  stm32f3xx_hal_gpio.o ABSOLUTE
    stm32f3xx_hal_i2c.c                      0x00000000   Number         0  stm32f3xx_hal_i2c.o ABSOLUTE
    stm32f3xx_hal_i2c_ex.c                   0x00000000   Number         0  stm32f3xx_hal_i2c_ex.o ABSOLUTE
    stm32f3xx_hal_msp.c                      0x00000000   Number         0  stm32f3xx_hal_msp.o ABSOLUTE
    stm32f3xx_hal_pwr.c                      0x00000000   Number         0  stm32f3xx_hal_pwr.o ABSOLUTE
    stm32f3xx_hal_pwr_ex.c                   0x00000000   Number         0  stm32f3xx_hal_pwr_ex.o ABSOLUTE
    stm32f3xx_hal_rcc.c                      0x00000000   Number         0  stm32f3xx_hal_rcc.o ABSOLUTE
    stm32f3xx_hal_rcc_ex.c                   0x00000000   Number         0  stm32f3xx_hal_rcc_ex.o ABSOLUTE
    stm32f3xx_hal_tim.c                      0x00000000   Number         0  stm32f3xx_hal_tim.o ABSOLUTE
    stm32f3xx_hal_tim_ex.c                   0x00000000   Number         0  stm32f3xx_hal_tim_ex.o ABSOLUTE
    stm32f3xx_it.c                           0x00000000   Number         0  stm32f3xx_it.o ABSOLUTE
    system_stm32f3xx.c                       0x00000000   Number         0  system_stm32f3xx.o ABSOLUTE
    tim.c                                    0x00000000   Number         0  tim.o ABSOLUTE
    RESET                                    0x08000000   Section      392  startup_stm32f303xc.o(RESET)
    !!!main                                  0x08000188   Section        8  __main.o(!!!main)
    !!!scatter                               0x08000190   Section       92  __scatter.o(!!!scatter)
    !!dczerorl2                              0x080001ec   Section       90  __dczerorl2.o(!!dczerorl2)
    !!handler_null                           0x08000248   Section        2  __scatter.o(!!handler_null)
    !!handler_zi                             0x0800024c   Section       28  __scatter_zi.o(!!handler_zi)
    .ARM.Collect$$libinit$$00000000          0x08000268   Section        2  libinit.o(.ARM.Collect$$libinit$$00000000)
    .ARM.Collect$$libinit$$00000001          0x0800026a   Section        4  libinit2.o(.ARM.Collect$$libinit$$00000001)
    .ARM.Collect$$libinit$$00000004          0x0800026e   Section        0  libinit2.o(.ARM.Collect$$libinit$$00000004)
    .ARM.Collect$$libinit$$00000006          0x0800026e   Section        0  libinit2.o(.ARM.Collect$$libinit$$00000006)
    .ARM.Collect$$libinit$$0000000C          0x0800026e   Section        0  libinit2.o(.ARM.Collect$$libinit$$0000000C)
    .ARM.Collect$$libinit$$0000000E          0x0800026e   Section        0  libinit2.o(.ARM.Collect$$libinit$$0000000E)
    .ARM.Collect$$libinit$$00000010          0x0800026e   Section        0  libinit2.o(.ARM.Collect$$libinit$$00000010)
    .ARM.Collect$$libinit$$00000013          0x0800026e   Section        0  libinit2.o(.ARM.Collect$$libinit$$00000013)
    .ARM.Collect$$libinit$$00000015          0x0800026e   Section        0  libinit2.o(.ARM.Collect$$libinit$$00000015)
    .ARM.Collect$$libinit$$00000017          0x0800026e   Section        0  libinit2.o(.ARM.Collect$$libinit$$00000017)
    .ARM.Collect$$libinit$$00000019          0x0800026e   Section        0  libinit2.o(.ARM.Collect$$libinit$$00000019)
    .ARM.Collect$$libinit$$0000001B          0x0800026e   Section        0  libinit2.o(.ARM.Collect$$libinit$$0000001B)
    .ARM.Collect$$libinit$$0000001D          0x0800026e   Section        0  libinit2.o(.ARM.Collect$$libinit$$0000001D)
    .ARM.Collect$$libinit$$0000001F          0x0800026e   Section        0  libinit2.o(.ARM.Collect$$libinit$$0000001F)
    .ARM.Collect$$libinit$$00000021          0x0800026e   Section        0  libinit2.o(.ARM.Collect$$libinit$$00000021)
    .ARM.Collect$$libinit$$00000023          0x0800026e   Section        0  libinit2.o(.ARM.Collect$$libinit$$00000023)
    .ARM.Collect$$libinit$$00000025          0x0800026e   Section        0  libinit2.o(.ARM.Collect$$libinit$$00000025)
    .ARM.Collect$$libinit$$00000027          0x0800026e   Section        0  libinit2.o(.ARM.Collect$$libinit$$00000027)
    .ARM.Collect$$libinit$$0000002E          0x0800026e   Section        0  libinit2.o(.ARM.Collect$$libinit$$0000002E)
    .ARM.Collect$$libinit$$00000030          0x0800026e   Section        0  libinit2.o(.ARM.Collect$$libinit$$00000030)
    .ARM.Collect$$libinit$$00000032          0x0800026e   Section        0  libinit2.o(.ARM.Collect$$libinit$$00000032)
    .ARM.Collect$$libinit$$00000034          0x0800026e   Section        0  libinit2.o(.ARM.Collect$$libinit$$00000034)
    .ARM.Collect$$libinit$$00000035          0x0800026e   Section        2  libinit2.o(.ARM.Collect$$libinit$$00000035)
    .ARM.Collect$$libshutdown$$00000000      0x08000270   Section        2  libshutdown.o(.ARM.Collect$$libshutdown$$00000000)
    .ARM.Collect$$libshutdown$$00000002      0x08000272   Section        0  libshutdown2.o(.ARM.Collect$$libshutdown$$00000002)
    .ARM.Collect$$libshutdown$$00000004      0x08000272   Section        0  libshutdown2.o(.ARM.Collect$$libshutdown$$00000004)
    .ARM.Collect$$libshutdown$$00000007      0x08000272   Section        0  libshutdown2.o(.ARM.Collect$$libshutdown$$00000007)
    .ARM.Collect$$libshutdown$$0000000A      0x08000272   Section        0  libshutdown2.o(.ARM.Collect$$libshutdown$$0000000A)
    .ARM.Collect$$libshutdown$$0000000C      0x08000272   Section        0  libshutdown2.o(.ARM.Collect$$libshutdown$$0000000C)
    .ARM.Collect$$libshutdown$$0000000F      0x08000272   Section        0  libshutdown2.o(.ARM.Collect$$libshutdown$$0000000F)
    .ARM.Collect$$libshutdown$$00000010      0x08000272   Section        2  libshutdown2.o(.ARM.Collect$$libshutdown$$00000010)
    .ARM.Collect$$rtentry$$00000000          0x08000274   Section        0  __rtentry.o(.ARM.Collect$$rtentry$$00000000)
    .ARM.Collect$$rtentry$$00000002          0x08000274   Section        0  __rtentry2.o(.ARM.Collect$$rtentry$$00000002)
    .ARM.Collect$$rtentry$$00000004          0x08000274   Section        6  __rtentry4.o(.ARM.Collect$$rtentry$$00000004)
    .ARM.Collect$$rtentry$$00000009          0x0800027a   Section        0  __rtentry2.o(.ARM.Collect$$rtentry$$00000009)
    .ARM.Collect$$rtentry$$0000000A          0x0800027a   Section        4  __rtentry2.o(.ARM.Collect$$rtentry$$0000000A)
    .ARM.Collect$$rtentry$$0000000C          0x0800027e   Section        0  __rtentry2.o(.ARM.Collect$$rtentry$$0000000C)
    .ARM.Collect$$rtentry$$0000000D          0x0800027e   Section        8  __rtentry2.o(.ARM.Collect$$rtentry$$0000000D)
    .ARM.Collect$$rtexit$$00000000           0x08000286   Section        2  rtexit.o(.ARM.Collect$$rtexit$$00000000)
    .ARM.Collect$$rtexit$$00000002           0x08000288   Section        0  rtexit2.o(.ARM.Collect$$rtexit$$00000002)
    .ARM.Collect$$rtexit$$00000003           0x08000288   Section        4  rtexit2.o(.ARM.Collect$$rtexit$$00000003)
    .ARM.Collect$$rtexit$$00000004           0x0800028c   Section        6  rtexit2.o(.ARM.Collect$$rtexit$$00000004)
    $v0                                      0x08000294   Number         0  startup_stm32f303xc.o(.text)
    .text                                    0x08000294   Section       64  startup_stm32f303xc.o(.text)
    .text                                    0x080002d4   Section       78  rt_memclr_w.o(.text)
    .text                                    0x08000322   Section        0  heapauxi.o(.text)
    .text                                    0x08000328   Section       74  sys_stackheap_outer.o(.text)
    .text                                    0x08000372   Section        0  exit.o(.text)
    .text                                    0x08000384   Section        8  libspace.o(.text)
    .text                                    0x0800038c   Section        0  sys_exit.o(.text)
    .text                                    0x08000398   Section        2  use_no_semi.o(.text)
    .text                                    0x0800039a   Section        0  indicate_semi.o(.text)
    ADC_DMAConvCplt                          0x0800039d   Thumb Code    80  stm32f3xx_hal_adc_ex.o(.text.ADC_DMAConvCplt)
    [Anonymous Symbol]                       0x0800039c   Section        0  stm32f3xx_hal_adc_ex.o(.text.ADC_DMAConvCplt)
    ADC_DMAError                             0x080003ed   Thumb Code    22  stm32f3xx_hal_adc_ex.o(.text.ADC_DMAError)
    [Anonymous Symbol]                       0x080003ec   Section        0  stm32f3xx_hal_adc_ex.o(.text.ADC_DMAError)
    ADC_DMAHalfConvCplt                      0x08000405   Thumb Code     6  stm32f3xx_hal_adc_ex.o(.text.ADC_DMAHalfConvCplt)
    [Anonymous Symbol]                       0x08000404   Section        0  stm32f3xx_hal_adc_ex.o(.text.ADC_DMAHalfConvCplt)
    [Anonymous Symbol]                       0x0800040c   Section        0  stm32f3xx_it.o(.text.BusFault_Handler)
    [Anonymous Symbol]                       0x08000410   Section        0  can_receive.o(.text.CAN_Init)
    [Anonymous Symbol]                       0x08000450   Section        0  can_receive.o(.text.CAN_SendData)
    [Anonymous Symbol]                       0x080004a4   Section        0  stm32f3xx_it.o(.text.DMA1_Channel1_IRQHandler)
    [Anonymous Symbol]                       0x080004b0   Section        0  stm32f3xx_it.o(.text.DebugMon_Handler)
    [Anonymous Symbol]                       0x080004b4   Section        0  main.o(.text.Error_Handler)
    [Anonymous Symbol]                       0x080004c0   Section        0  stm32f3xx_hal_adc_ex.o(.text.HAL_ADCEx_Calibration_Start)
    [Anonymous Symbol]                       0x080005c0   Section        0  stm32f3xx_hal_adc_ex.o(.text.HAL_ADCEx_MultiModeConfigChannel)
    [Anonymous Symbol]                       0x080006d4   Section        0  stm32f3xx_hal_adc_ex.o(.text.HAL_ADC_ConfigChannel)
    [Anonymous Symbol]                       0x08000ad8   Section        0  stm32f3xx_hal_adc.o(.text.HAL_ADC_ConvCpltCallback)
    [Anonymous Symbol]                       0x08000adc   Section        0  stm32f3xx_hal_adc.o(.text.HAL_ADC_ConvHalfCpltCallback)
    [Anonymous Symbol]                       0x08000ae0   Section        0  stm32f3xx_hal_adc.o(.text.HAL_ADC_ErrorCallback)
    [Anonymous Symbol]                       0x08000ae4   Section        0  stm32f3xx_hal_adc_ex.o(.text.HAL_ADC_Init)
    [Anonymous Symbol]                       0x08000df8   Section        0  adc.o(.text.HAL_ADC_MspInit)
    [Anonymous Symbol]                       0x08000e98   Section        0  stm32f3xx_hal_adc_ex.o(.text.HAL_ADC_Start_DMA)
    [Anonymous Symbol]                       0x08001044   Section        0  stm32f3xx_hal_can.o(.text.HAL_CAN_ActivateNotification)
    [Anonymous Symbol]                       0x08001074   Section        0  stm32f3xx_hal_can.o(.text.HAL_CAN_AddTxMessage)
    [Anonymous Symbol]                       0x0800111c   Section        0  stm32f3xx_hal_can.o(.text.HAL_CAN_ConfigFilter)
    [Anonymous Symbol]                       0x08001208   Section        0  stm32f3xx_hal_can.o(.text.HAL_CAN_Init)
    [Anonymous Symbol]                       0x080012fc   Section        0  can.o(.text.HAL_CAN_MspInit)
    [Anonymous Symbol]                       0x08001364   Section        0  stm32f3xx_hal_can.o(.text.HAL_CAN_Start)
    [Anonymous Symbol]                       0x080013c0   Section        0  stm32f3xx_hal_dma.o(.text.HAL_DMA_IRQHandler)
    [Anonymous Symbol]                       0x08001464   Section        0  stm32f3xx_hal_dma.o(.text.HAL_DMA_Init)
    [Anonymous Symbol]                       0x08001500   Section        0  stm32f3xx_hal_dma.o(.text.HAL_DMA_Start_IT)
    [Anonymous Symbol]                       0x080015a0   Section        0  stm32f3xx_hal.o(.text.HAL_Delay)
    [Anonymous Symbol]                       0x080015c8   Section        0  stm32f3xx_hal_gpio.o(.text.HAL_GPIO_Init)
    [Anonymous Symbol]                       0x08001768   Section        0  stm32f3xx_hal_gpio.o(.text.HAL_GPIO_ReadPin)
    [Anonymous Symbol]                       0x08001774   Section        0  stm32f3xx_hal_gpio.o(.text.HAL_GPIO_TogglePin)
    [Anonymous Symbol]                       0x08001784   Section        0  stm32f3xx_hal_gpio.o(.text.HAL_GPIO_WritePin)
    [Anonymous Symbol]                       0x08001790   Section        0  stm32f3xx_hal.o(.text.HAL_GetTick)
    [Anonymous Symbol]                       0x0800179c   Section        0  stm32f3xx_hal_i2c_ex.o(.text.HAL_I2CEx_ConfigAnalogFilter)
    [Anonymous Symbol]                       0x080017e8   Section        0  stm32f3xx_hal_i2c_ex.o(.text.HAL_I2CEx_ConfigDigitalFilter)
    [Anonymous Symbol]                       0x08001830   Section        0  stm32f3xx_hal_i2c.o(.text.HAL_I2C_Init)
    [Anonymous Symbol]                       0x080018e0   Section        0  i2c.o(.text.HAL_I2C_MspInit)
    [Anonymous Symbol]                       0x0800194c   Section        0  stm32f3xx_hal.o(.text.HAL_IncTick)
    [Anonymous Symbol]                       0x08001968   Section        0  stm32f3xx_hal.o(.text.HAL_Init)
    [Anonymous Symbol]                       0x08001990   Section        0  stm32f3xx_hal.o(.text.HAL_InitTick)
    [Anonymous Symbol]                       0x080019d8   Section        0  stm32f3xx_hal_msp.o(.text.HAL_MspInit)
    [Anonymous Symbol]                       0x08001a0c   Section        0  stm32f3xx_hal_cortex.o(.text.HAL_NVIC_EnableIRQ)
    [Anonymous Symbol]                       0x08001a30   Section        0  stm32f3xx_hal_cortex.o(.text.HAL_NVIC_SetPriority)
    [Anonymous Symbol]                       0x08001a88   Section        0  stm32f3xx_hal_cortex.o(.text.HAL_NVIC_SetPriorityGrouping)
    [Anonymous Symbol]                       0x08001aa8   Section        0  stm32f3xx_hal_rcc_ex.o(.text.HAL_RCCEx_PeriphCLKConfig)
    [Anonymous Symbol]                       0x08001cb4   Section        0  stm32f3xx_hal_rcc.o(.text.HAL_RCC_ClockConfig)
    [Anonymous Symbol]                       0x08001e58   Section        0  stm32f3xx_hal_rcc.o(.text.HAL_RCC_OscConfig)
    [Anonymous Symbol]                       0x08002200   Section        0  stm32f3xx_hal_cortex.o(.text.HAL_SYSTICK_Config)
    [Anonymous Symbol]                       0x0800222c   Section        0  stm32f3xx_hal_tim_ex.o(.text.HAL_TIMEx_Break2Callback)
    [Anonymous Symbol]                       0x08002230   Section        0  stm32f3xx_hal_tim_ex.o(.text.HAL_TIMEx_BreakCallback)
    [Anonymous Symbol]                       0x08002234   Section        0  stm32f3xx_hal_tim_ex.o(.text.HAL_TIMEx_CommutCallback)
    [Anonymous Symbol]                       0x08002238   Section        0  stm32f3xx_hal_tim_ex.o(.text.HAL_TIMEx_MasterConfigSynchronization)
    [Anonymous Symbol]                       0x080022dc   Section        0  stm32f3xx_hal_tim.o(.text.HAL_TIM_Base_Init)
    [Anonymous Symbol]                       0x08002340   Section        0  tim.o(.text.HAL_TIM_Base_MspInit)
    [Anonymous Symbol]                       0x08002384   Section        0  stm32f3xx_hal_tim.o(.text.HAL_TIM_Base_Start_IT)
    [Anonymous Symbol]                       0x08002418   Section        0  stm32f3xx_hal_tim.o(.text.HAL_TIM_ConfigClockSource)
    [Anonymous Symbol]                       0x080025b8   Section        0  stm32f3xx_hal_tim.o(.text.HAL_TIM_IC_CaptureCallback)
    [Anonymous Symbol]                       0x080025bc   Section        0  stm32f3xx_hal_tim.o(.text.HAL_TIM_IRQHandler)
    [Anonymous Symbol]                       0x08002728   Section        0  stm32f3xx_hal_tim.o(.text.HAL_TIM_OC_DelayElapsedCallback)
    [Anonymous Symbol]                       0x0800272c   Section        0  stm32f3xx_hal_tim.o(.text.HAL_TIM_PWM_PulseFinishedCallback)
    [Anonymous Symbol]                       0x08002730   Section        0  main.o(.text.HAL_TIM_PeriodElapsedCallback)
    [Anonymous Symbol]                       0x08002884   Section        0  stm32f3xx_hal_tim.o(.text.HAL_TIM_TriggerCallback)
    [Anonymous Symbol]                       0x08002888   Section        0  stm32f3xx_it.o(.text.HardFault_Handler)
    [Anonymous Symbol]                       0x0800288c   Section        0  adc.o(.text.MX_ADC1_Init)
    [Anonymous Symbol]                       0x08002948   Section        0  can.o(.text.MX_CAN_Init)
    [Anonymous Symbol]                       0x08002988   Section        0  dma.o(.text.MX_DMA_Init)
    [Anonymous Symbol]                       0x080029bc   Section        0  gpio.o(.text.MX_GPIO_Init)
    [Anonymous Symbol]                       0x08002a44   Section        0  i2c.o(.text.MX_I2C1_Init)
    [Anonymous Symbol]                       0x08002ab0   Section        0  tim.o(.text.MX_TIM3_Init)
    [Anonymous Symbol]                       0x08002b28   Section        0  stm32f3xx_it.o(.text.MemManage_Handler)
    [Anonymous Symbol]                       0x08002b2c   Section        0  stm32f3xx_it.o(.text.NMI_Handler)
    [Anonymous Symbol]                       0x08002b30   Section        0  oled.o(.text.OLED_Clear)
    [Anonymous Symbol]                       0x08002bc4   Section        0  oled.o(.text.OLED_I2C_SendByte)
    [Anonymous Symbol]                       0x08002ce8   Section        0  oled.o(.text.OLED_Init)
    [Anonymous Symbol]                       0x08002dd8   Section        0  oled.o(.text.OLED_ShowChar)
    [Anonymous Symbol]                       0x08002eac   Section        0  oled.o(.text.OLED_ShowNum)
    [Anonymous Symbol]                       0x08002f60   Section        0  oled.o(.text.OLED_ShowSignedNum)
    [Anonymous Symbol]                       0x08003030   Section        0  oled.o(.text.OLED_ShowString)
    [Anonymous Symbol]                       0x0800305c   Section        0  oled.o(.text.OLED_WriteCommand)
    [Anonymous Symbol]                       0x080030c4   Section        0  oled.o(.text.OLED_WriteData)
    [Anonymous Symbol]                       0x0800312c   Section        0  stm32f3xx_it.o(.text.PendSV_Handler)
    [Anonymous Symbol]                       0x08003130   Section        0  stm32f3xx_it.o(.text.SVC_Handler)
    [Anonymous Symbol]                       0x08003134   Section        0  stm32f3xx_it.o(.text.SysTick_Handler)
    [Anonymous Symbol]                       0x08003138   Section        0  system_stm32f3xx.o(.text.SystemInit)
    [Anonymous Symbol]                       0x0800314c   Section        0  stm32f3xx_it.o(.text.TIM3_IRQHandler)
    [Anonymous Symbol]                       0x08003158   Section        0  stm32f3xx_hal_tim.o(.text.TIM_Base_SetConfig)
    [Anonymous Symbol]                       0x0800327c   Section        0  stm32f3xx_it.o(.text.UsageFault_Handler)
    [Anonymous Symbol]                       0x08003280   Section        0  main.o(.text.main)
    $v0                                      0x08003564   Number         0  dfix.o(x$fpl$dfix)
    x$fpl$dfix                               0x08003564   Section       94  dfix.o(x$fpl$dfix)
    $v0                                      0x080035c4   Number         0  dmul.o(x$fpl$dmul)
    x$fpl$dmul                               0x080035c4   Section      340  dmul.o(x$fpl$dmul)
    $v0                                      0x08003718   Number         0  dnaninf.o(x$fpl$dnaninf)
    x$fpl$dnaninf                            0x08003718   Section      156  dnaninf.o(x$fpl$dnaninf)
    $v0                                      0x080037b4   Number         0  dretinf.o(x$fpl$dretinf)
    x$fpl$dretinf                            0x080037b4   Section       12  dretinf.o(x$fpl$dretinf)
    $v0                                      0x080037c0   Number         0  f2d.o(x$fpl$f2d)
    x$fpl$f2d                                0x080037c0   Section       86  f2d.o(x$fpl$f2d)
    $v0                                      0x08003816   Number         0  fnaninf.o(x$fpl$fnaninf)
    x$fpl$fnaninf                            0x08003816   Section      140  fnaninf.o(x$fpl$fnaninf)
    $v0                                      0x080038a2   Number         0  fpinit.o(x$fpl$fpinit)
    x$fpl$fpinit                             0x080038a2   Section       26  fpinit.o(x$fpl$fpinit)
    x$fpl$usenofp                            0x080038bc   Section        0  usenofp.o(x$fpl$usenofp)
    aPLLMULFactorTable                       0x080038cc   Data          16  stm32f3xx_hal_rcc.o(.rodata.cst16)
    [Anonymous Symbol]                       0x080038cc   Section        0  stm32f3xx_hal_rcc.o(.rodata.cst16)
    aPredivFactorTable                       0x080038dc   Data          16  stm32f3xx_hal_rcc.o(.rodata.cst16)
    .L_MergedGlobals                         0x20000000   Data           8  stm32f3xx_hal.o(.data..L_MergedGlobals)
    [Anonymous Symbol]                       0x20000000   Section        0  stm32f3xx_hal.o(.data..L_MergedGlobals)
    .bss                                     0x20000648   Section       96  libspace.o(.bss)
    .L_MergedGlobals                         0x200006a8   Data          28  main.o(.bss..L_MergedGlobals)
    [Anonymous Symbol]                       0x200006a8   Section        0  main.o(.bss..L_MergedGlobals)
    Heap_Mem                                 0x20000828   Data         512  startup_stm32f303xc.o(HEAP)
    HEAP                                     0x20000828   Section      512  startup_stm32f303xc.o(HEAP)
    Stack_Mem                                0x20000a28   Data        1024  startup_stm32f303xc.o(STACK)
    STACK                                    0x20000a28   Section     1024  startup_stm32f303xc.o(STACK)
    __initial_sp                             0x20000e28   Data           0  startup_stm32f303xc.o(STACK)

    Global Symbols

    Symbol Name                              Value     Ov Type        Size  Object(Section)

    BuildAttributes$$THM_ISAv4$E$P$D$K$B$S$7EM$VFPi3$EXTD16$VFPS$VFMA$PE$A:L22UL41UL21$X:L11$S22US41US21$IEEE1$IW$~IW$USESV6$~STKCKD$USESV7$~SHL$OTIME$ROPI$EBA8$UX$STANDARDLIB$REQ8$PRES8$EABIv2 0x00000000   Number         0  anon$$obj.o ABSOLUTE
    __ARM_exceptions_init                     - Undefined Weak Reference
    __alloca_initialize                       - Undefined Weak Reference
    __arm_preinit_                            - Undefined Weak Reference
    __arm_relocate_pie_                       - Undefined Weak Reference
    __cpp_initialize__aeabi_                  - Undefined Weak Reference
    __cxa_finalize                            - Undefined Weak Reference
    __rt_locale                               - Undefined Weak Reference
    __sigvec_lookup                           - Undefined Weak Reference
    _atexit_init                              - Undefined Weak Reference
    _call_atexit_fns                          - Undefined Weak Reference
    _clock_init                               - Undefined Weak Reference
    _fp_trap_init                             - Undefined Weak Reference
    _fp_trap_shutdown                         - Undefined Weak Reference
    _get_lc_collate                           - Undefined Weak Reference
    _get_lc_ctype                             - Undefined Weak Reference
    _get_lc_monetary                          - Undefined Weak Reference
    _get_lc_numeric                           - Undefined Weak Reference
    _get_lc_time                              - Undefined Weak Reference
    _getenv_init                              - Undefined Weak Reference
    _handle_redirection                       - Undefined Weak Reference
    _init_alloc                               - Undefined Weak Reference
    _init_user_alloc                          - Undefined Weak Reference
    _initio                                   - Undefined Weak Reference
    _rand_init                                - Undefined Weak Reference
    _signal_finish                            - Undefined Weak Reference
    _signal_init                              - Undefined Weak Reference
    _terminate_alloc                          - Undefined Weak Reference
    _terminate_user_alloc                     - Undefined Weak Reference
    _terminateio                              - Undefined Weak Reference
    __Vectors_Size                           0x00000188   Number         0  startup_stm32f303xc.o ABSOLUTE
    __Vectors                                0x08000000   Data           4  startup_stm32f303xc.o(RESET)
    __Vectors_End                            0x08000188   Data           0  startup_stm32f303xc.o(RESET)
    __main                                   0x08000189   Thumb Code     8  __main.o(!!!main)
    __scatterload                            0x08000191   Thumb Code     0  __scatter.o(!!!scatter)
    __scatterload_rt2                        0x08000191   Thumb Code    84  __scatter.o(!!!scatter)
    __scatterload_rt2_thumb_only             0x08000191   Thumb Code     0  __scatter.o(!!!scatter)
    __scatterload_loop                       0x0800019b   Thumb Code     0  __scatter.o(!!!scatter)
    __decompress                             0x080001ed   Thumb Code    90  __dczerorl2.o(!!dczerorl2)
    __decompress1                            0x080001ed   Thumb Code     0  __dczerorl2.o(!!dczerorl2)
    __scatterload_null                       0x08000249   Thumb Code     2  __scatter.o(!!handler_null)
    __scatterload_zeroinit                   0x0800024d   Thumb Code    28  __scatter_zi.o(!!handler_zi)
    __rt_lib_init                            0x08000269   Thumb Code     0  libinit.o(.ARM.Collect$$libinit$$00000000)
    __rt_lib_init_fp_1                       0x0800026b   Thumb Code     0  libinit2.o(.ARM.Collect$$libinit$$00000001)
    __rt_lib_init_alloca_1                   0x0800026f   Thumb Code     0  libinit2.o(.ARM.Collect$$libinit$$00000030)
    __rt_lib_init_argv_1                     0x0800026f   Thumb Code     0  libinit2.o(.ARM.Collect$$libinit$$0000002E)
    __rt_lib_init_atexit_1                   0x0800026f   Thumb Code     0  libinit2.o(.ARM.Collect$$libinit$$0000001D)
    __rt_lib_init_clock_1                    0x0800026f   Thumb Code     0  libinit2.o(.ARM.Collect$$libinit$$00000023)
    __rt_lib_init_cpp_1                      0x0800026f   Thumb Code     0  libinit2.o(.ARM.Collect$$libinit$$00000034)
    __rt_lib_init_exceptions_1               0x0800026f   Thumb Code     0  libinit2.o(.ARM.Collect$$libinit$$00000032)
    __rt_lib_init_fp_trap_1                  0x0800026f   Thumb Code     0  libinit2.o(.ARM.Collect$$libinit$$00000021)
    __rt_lib_init_getenv_1                   0x0800026f   Thumb Code     0  libinit2.o(.ARM.Collect$$libinit$$00000025)
    __rt_lib_init_heap_1                     0x0800026f   Thumb Code     0  libinit2.o(.ARM.Collect$$libinit$$0000000C)
    __rt_lib_init_lc_collate_1               0x0800026f   Thumb Code     0  libinit2.o(.ARM.Collect$$libinit$$00000013)
    __rt_lib_init_lc_ctype_1                 0x0800026f   Thumb Code     0  libinit2.o(.ARM.Collect$$libinit$$00000015)
    __rt_lib_init_lc_monetary_1              0x0800026f   Thumb Code     0  libinit2.o(.ARM.Collect$$libinit$$00000017)
    __rt_lib_init_lc_numeric_1               0x0800026f   Thumb Code     0  libinit2.o(.ARM.Collect$$libinit$$00000019)
    __rt_lib_init_lc_time_1                  0x0800026f   Thumb Code     0  libinit2.o(.ARM.Collect$$libinit$$0000001B)
    __rt_lib_init_preinit_1                  0x0800026f   Thumb Code     0  libinit2.o(.ARM.Collect$$libinit$$00000006)
    __rt_lib_init_rand_1                     0x0800026f   Thumb Code     0  libinit2.o(.ARM.Collect$$libinit$$00000010)
    __rt_lib_init_relocate_pie_1             0x0800026f   Thumb Code     0  libinit2.o(.ARM.Collect$$libinit$$00000004)
    __rt_lib_init_return                     0x0800026f   Thumb Code     0  libinit2.o(.ARM.Collect$$libinit$$00000035)
    __rt_lib_init_signal_1                   0x0800026f   Thumb Code     0  libinit2.o(.ARM.Collect$$libinit$$0000001F)
    __rt_lib_init_stdio_1                    0x0800026f   Thumb Code     0  libinit2.o(.ARM.Collect$$libinit$$00000027)
    __rt_lib_init_user_alloc_1               0x0800026f   Thumb Code     0  libinit2.o(.ARM.Collect$$libinit$$0000000E)
    __rt_lib_shutdown                        0x08000271   Thumb Code     0  libshutdown.o(.ARM.Collect$$libshutdown$$00000000)
    __rt_lib_shutdown_cpp_1                  0x08000273   Thumb Code     0  libshutdown2.o(.ARM.Collect$$libshutdown$$00000002)
    __rt_lib_shutdown_fp_trap_1              0x08000273   Thumb Code     0  libshutdown2.o(.ARM.Collect$$libshutdown$$00000007)
    __rt_lib_shutdown_heap_1                 0x08000273   Thumb Code     0  libshutdown2.o(.ARM.Collect$$libshutdown$$0000000F)
    __rt_lib_shutdown_return                 0x08000273   Thumb Code     0  libshutdown2.o(.ARM.Collect$$libshutdown$$00000010)
    __rt_lib_shutdown_signal_1               0x08000273   Thumb Code     0  libshutdown2.o(.ARM.Collect$$libshutdown$$0000000A)
    __rt_lib_shutdown_stdio_1                0x08000273   Thumb Code     0  libshutdown2.o(.ARM.Collect$$libshutdown$$00000004)
    __rt_lib_shutdown_user_alloc_1           0x08000273   Thumb Code     0  libshutdown2.o(.ARM.Collect$$libshutdown$$0000000C)
    __rt_entry                               0x08000275   Thumb Code     0  __rtentry.o(.ARM.Collect$$rtentry$$00000000)
    __rt_entry_presh_1                       0x08000275   Thumb Code     0  __rtentry2.o(.ARM.Collect$$rtentry$$00000002)
    __rt_entry_sh                            0x08000275   Thumb Code     0  __rtentry4.o(.ARM.Collect$$rtentry$$00000004)
    __rt_entry_li                            0x0800027b   Thumb Code     0  __rtentry2.o(.ARM.Collect$$rtentry$$0000000A)
    __rt_entry_postsh_1                      0x0800027b   Thumb Code     0  __rtentry2.o(.ARM.Collect$$rtentry$$00000009)
    __rt_entry_main                          0x0800027f   Thumb Code     0  __rtentry2.o(.ARM.Collect$$rtentry$$0000000D)
    __rt_entry_postli_1                      0x0800027f   Thumb Code     0  __rtentry2.o(.ARM.Collect$$rtentry$$0000000C)
    __rt_exit                                0x08000287   Thumb Code     0  rtexit.o(.ARM.Collect$$rtexit$$00000000)
    __rt_exit_ls                             0x08000289   Thumb Code     0  rtexit2.o(.ARM.Collect$$rtexit$$00000003)
    __rt_exit_prels_1                        0x08000289   Thumb Code     0  rtexit2.o(.ARM.Collect$$rtexit$$00000002)
    __rt_exit_exit                           0x0800028d   Thumb Code     0  rtexit2.o(.ARM.Collect$$rtexit$$00000004)
    Reset_Handler                            0x08000295   Thumb Code     8  startup_stm32f303xc.o(.text)
    ADC1_2_IRQHandler                        0x080002af   Thumb Code     0  startup_stm32f303xc.o(.text)
    ADC3_IRQHandler                          0x080002af   Thumb Code     0  startup_stm32f303xc.o(.text)
    ADC4_IRQHandler                          0x080002af   Thumb Code     0  startup_stm32f303xc.o(.text)
    CAN_RX1_IRQHandler                       0x080002af   Thumb Code     0  startup_stm32f303xc.o(.text)
    CAN_SCE_IRQHandler                       0x080002af   Thumb Code     0  startup_stm32f303xc.o(.text)
    COMP1_2_3_IRQHandler                     0x080002af   Thumb Code     0  startup_stm32f303xc.o(.text)
    COMP4_5_6_IRQHandler                     0x080002af   Thumb Code     0  startup_stm32f303xc.o(.text)
    COMP7_IRQHandler                         0x080002af   Thumb Code     0  startup_stm32f303xc.o(.text)
    DMA1_Channel2_IRQHandler                 0x080002af   Thumb Code     0  startup_stm32f303xc.o(.text)
    DMA1_Channel3_IRQHandler                 0x080002af   Thumb Code     0  startup_stm32f303xc.o(.text)
    DMA1_Channel4_IRQHandler                 0x080002af   Thumb Code     0  startup_stm32f303xc.o(.text)
    DMA1_Channel5_IRQHandler                 0x080002af   Thumb Code     0  startup_stm32f303xc.o(.text)
    DMA1_Channel6_IRQHandler                 0x080002af   Thumb Code     0  startup_stm32f303xc.o(.text)
    DMA1_Channel7_IRQHandler                 0x080002af   Thumb Code     0  startup_stm32f303xc.o(.text)
    DMA2_Channel1_IRQHandler                 0x080002af   Thumb Code     0  startup_stm32f303xc.o(.text)
    DMA2_Channel2_IRQHandler                 0x080002af   Thumb Code     0  startup_stm32f303xc.o(.text)
    DMA2_Channel3_IRQHandler                 0x080002af   Thumb Code     0  startup_stm32f303xc.o(.text)
    DMA2_Channel4_IRQHandler                 0x080002af   Thumb Code     0  startup_stm32f303xc.o(.text)
    DMA2_Channel5_IRQHandler                 0x080002af   Thumb Code     0  startup_stm32f303xc.o(.text)
    EXTI0_IRQHandler                         0x080002af   Thumb Code     0  startup_stm32f303xc.o(.text)
    EXTI15_10_IRQHandler                     0x080002af   Thumb Code     0  startup_stm32f303xc.o(.text)
    EXTI1_IRQHandler                         0x080002af   Thumb Code     0  startup_stm32f303xc.o(.text)
    EXTI2_TSC_IRQHandler                     0x080002af   Thumb Code     0  startup_stm32f303xc.o(.text)
    EXTI3_IRQHandler                         0x080002af   Thumb Code     0  startup_stm32f303xc.o(.text)
    EXTI4_IRQHandler                         0x080002af   Thumb Code     0  startup_stm32f303xc.o(.text)
    EXTI9_5_IRQHandler                       0x080002af   Thumb Code     0  startup_stm32f303xc.o(.text)
    FLASH_IRQHandler                         0x080002af   Thumb Code     0  startup_stm32f303xc.o(.text)
    FPU_IRQHandler                           0x080002af   Thumb Code     0  startup_stm32f303xc.o(.text)
    I2C1_ER_IRQHandler                       0x080002af   Thumb Code     0  startup_stm32f303xc.o(.text)
    I2C1_EV_IRQHandler                       0x080002af   Thumb Code     0  startup_stm32f303xc.o(.text)
    I2C2_ER_IRQHandler                       0x080002af   Thumb Code     0  startup_stm32f303xc.o(.text)
    I2C2_EV_IRQHandler                       0x080002af   Thumb Code     0  startup_stm32f303xc.o(.text)
    PVD_IRQHandler                           0x080002af   Thumb Code     0  startup_stm32f303xc.o(.text)
    RCC_IRQHandler                           0x080002af   Thumb Code     0  startup_stm32f303xc.o(.text)
    RTC_Alarm_IRQHandler                     0x080002af   Thumb Code     0  startup_stm32f303xc.o(.text)
    RTC_WKUP_IRQHandler                      0x080002af   Thumb Code     0  startup_stm32f303xc.o(.text)
    SPI1_IRQHandler                          0x080002af   Thumb Code     0  startup_stm32f303xc.o(.text)
    SPI2_IRQHandler                          0x080002af   Thumb Code     0  startup_stm32f303xc.o(.text)
    SPI3_IRQHandler                          0x080002af   Thumb Code     0  startup_stm32f303xc.o(.text)
    TAMP_STAMP_IRQHandler                    0x080002af   Thumb Code     0  startup_stm32f303xc.o(.text)
    TIM1_BRK_TIM15_IRQHandler                0x080002af   Thumb Code     0  startup_stm32f303xc.o(.text)
    TIM1_CC_IRQHandler                       0x080002af   Thumb Code     0  startup_stm32f303xc.o(.text)
    TIM1_TRG_COM_TIM17_IRQHandler            0x080002af   Thumb Code     0  startup_stm32f303xc.o(.text)
    TIM1_UP_TIM16_IRQHandler                 0x080002af   Thumb Code     0  startup_stm32f303xc.o(.text)
    TIM2_IRQHandler                          0x080002af   Thumb Code     0  startup_stm32f303xc.o(.text)
    TIM4_IRQHandler                          0x080002af   Thumb Code     0  startup_stm32f303xc.o(.text)
    TIM6_DAC_IRQHandler                      0x080002af   Thumb Code     0  startup_stm32f303xc.o(.text)
    TIM7_IRQHandler                          0x080002af   Thumb Code     0  startup_stm32f303xc.o(.text)
    TIM8_BRK_IRQHandler                      0x080002af   Thumb Code     0  startup_stm32f303xc.o(.text)
    TIM8_CC_IRQHandler                       0x080002af   Thumb Code     0  startup_stm32f303xc.o(.text)
    TIM8_TRG_COM_IRQHandler                  0x080002af   Thumb Code     0  startup_stm32f303xc.o(.text)
    TIM8_UP_IRQHandler                       0x080002af   Thumb Code     0  startup_stm32f303xc.o(.text)
    UART4_IRQHandler                         0x080002af   Thumb Code     0  startup_stm32f303xc.o(.text)
    UART5_IRQHandler                         0x080002af   Thumb Code     0  startup_stm32f303xc.o(.text)
    USART1_IRQHandler                        0x080002af   Thumb Code     0  startup_stm32f303xc.o(.text)
    USART2_IRQHandler                        0x080002af   Thumb Code     0  startup_stm32f303xc.o(.text)
    USART3_IRQHandler                        0x080002af   Thumb Code     0  startup_stm32f303xc.o(.text)
    USBWakeUp_IRQHandler                     0x080002af   Thumb Code     0  startup_stm32f303xc.o(.text)
    USBWakeUp_RMP_IRQHandler                 0x080002af   Thumb Code     0  startup_stm32f303xc.o(.text)
    USB_HP_CAN_TX_IRQHandler                 0x080002af   Thumb Code     0  startup_stm32f303xc.o(.text)
    USB_HP_IRQHandler                        0x080002af   Thumb Code     0  startup_stm32f303xc.o(.text)
    USB_LP_CAN_RX0_IRQHandler                0x080002af   Thumb Code     0  startup_stm32f303xc.o(.text)
    USB_LP_IRQHandler                        0x080002af   Thumb Code     0  startup_stm32f303xc.o(.text)
    WWDG_IRQHandler                          0x080002af   Thumb Code     0  startup_stm32f303xc.o(.text)
    __user_initial_stackheap                 0x080002b1   Thumb Code     0  startup_stm32f303xc.o(.text)
    __aeabi_memclr4                          0x080002d5   Thumb Code     0  rt_memclr_w.o(.text)
    __aeabi_memclr8                          0x080002d5   Thumb Code     0  rt_memclr_w.o(.text)
    __rt_memclr_w                            0x080002d5   Thumb Code     0  rt_memclr_w.o(.text)
    _memset_w                                0x080002d9   Thumb Code    74  rt_memclr_w.o(.text)
    __use_two_region_memory                  0x08000323   Thumb Code     2  heapauxi.o(.text)
    __rt_heap_escrow$2region                 0x08000325   Thumb Code     2  heapauxi.o(.text)
    __rt_heap_expand$2region                 0x08000327   Thumb Code     2  heapauxi.o(.text)
    __user_setup_stackheap                   0x08000329   Thumb Code    74  sys_stackheap_outer.o(.text)
    exit                                     0x08000373   Thumb Code    18  exit.o(.text)
    __user_libspace                          0x08000385   Thumb Code     8  libspace.o(.text)
    __user_perproc_libspace                  0x08000385   Thumb Code     0  libspace.o(.text)
    __user_perthread_libspace                0x08000385   Thumb Code     0  libspace.o(.text)
    _sys_exit                                0x0800038d   Thumb Code     8  sys_exit.o(.text)
    __I$use$semihosting                      0x08000399   Thumb Code     0  use_no_semi.o(.text)
    __use_no_semihosting_swi                 0x08000399   Thumb Code     2  use_no_semi.o(.text)
    __semihosting_library_function           0x0800039b   Thumb Code     0  indicate_semi.o(.text)
    BusFault_Handler                         0x0800040d   Thumb Code     2  stm32f3xx_it.o(.text.BusFault_Handler)
    CAN_Init                                 0x08000411   Thumb Code    62  can_receive.o(.text.CAN_Init)
    CAN_SendData                             0x08000451   Thumb Code    82  can_receive.o(.text.CAN_SendData)
    DMA1_Channel1_IRQHandler                 0x080004a5   Thumb Code    12  stm32f3xx_it.o(.text.DMA1_Channel1_IRQHandler)
    DebugMon_Handler                         0x080004b1   Thumb Code     2  stm32f3xx_it.o(.text.DebugMon_Handler)
    Error_Handler                            0x080004b5   Thumb Code    10  main.o(.text.Error_Handler)
    HAL_ADCEx_Calibration_Start              0x080004c1   Thumb Code   254  stm32f3xx_hal_adc_ex.o(.text.HAL_ADCEx_Calibration_Start)
    HAL_ADCEx_MultiModeConfigChannel         0x080005c1   Thumb Code   274  stm32f3xx_hal_adc_ex.o(.text.HAL_ADCEx_MultiModeConfigChannel)
    HAL_ADC_ConfigChannel                    0x080006d5   Thumb Code  1028  stm32f3xx_hal_adc_ex.o(.text.HAL_ADC_ConfigChannel)
    HAL_ADC_ConvCpltCallback                 0x08000ad9   Thumb Code     2  stm32f3xx_hal_adc.o(.text.HAL_ADC_ConvCpltCallback)
    HAL_ADC_ConvHalfCpltCallback             0x08000add   Thumb Code     2  stm32f3xx_hal_adc.o(.text.HAL_ADC_ConvHalfCpltCallback)
    HAL_ADC_ErrorCallback                    0x08000ae1   Thumb Code     2  stm32f3xx_hal_adc.o(.text.HAL_ADC_ErrorCallback)
    HAL_ADC_Init                             0x08000ae5   Thumb Code   786  stm32f3xx_hal_adc_ex.o(.text.HAL_ADC_Init)
    HAL_ADC_MspInit                          0x08000df9   Thumb Code   158  adc.o(.text.HAL_ADC_MspInit)
    HAL_ADC_Start_DMA                        0x08000e99   Thumb Code   426  stm32f3xx_hal_adc_ex.o(.text.HAL_ADC_Start_DMA)
    HAL_CAN_ActivateNotification             0x08001045   Thumb Code    46  stm32f3xx_hal_can.o(.text.HAL_CAN_ActivateNotification)
    HAL_CAN_AddTxMessage                     0x08001075   Thumb Code   168  stm32f3xx_hal_can.o(.text.HAL_CAN_AddTxMessage)
    HAL_CAN_ConfigFilter                     0x0800111d   Thumb Code   234  stm32f3xx_hal_can.o(.text.HAL_CAN_ConfigFilter)
    HAL_CAN_Init                             0x08001209   Thumb Code   244  stm32f3xx_hal_can.o(.text.HAL_CAN_Init)
    HAL_CAN_MspInit                          0x080012fd   Thumb Code   104  can.o(.text.HAL_CAN_MspInit)
    HAL_CAN_Start                            0x08001365   Thumb Code    90  stm32f3xx_hal_can.o(.text.HAL_CAN_Start)
    HAL_DMA_IRQHandler                       0x080013c1   Thumb Code   162  stm32f3xx_hal_dma.o(.text.HAL_DMA_IRQHandler)
    HAL_DMA_Init                             0x08001465   Thumb Code   154  stm32f3xx_hal_dma.o(.text.HAL_DMA_Init)
    HAL_DMA_Start_IT                         0x08001501   Thumb Code   160  stm32f3xx_hal_dma.o(.text.HAL_DMA_Start_IT)
    HAL_Delay                                0x080015a1   Thumb Code    40  stm32f3xx_hal.o(.text.HAL_Delay)
    HAL_GPIO_Init                            0x080015c9   Thumb Code   414  stm32f3xx_hal_gpio.o(.text.HAL_GPIO_Init)
    HAL_GPIO_ReadPin                         0x08001769   Thumb Code    10  stm32f3xx_hal_gpio.o(.text.HAL_GPIO_ReadPin)
    HAL_GPIO_TogglePin                       0x08001775   Thumb Code    16  stm32f3xx_hal_gpio.o(.text.HAL_GPIO_TogglePin)
    HAL_GPIO_WritePin                        0x08001785   Thumb Code    12  stm32f3xx_hal_gpio.o(.text.HAL_GPIO_WritePin)
    HAL_GetTick                              0x08001791   Thumb Code    12  stm32f3xx_hal.o(.text.HAL_GetTick)
    HAL_I2CEx_ConfigAnalogFilter             0x0800179d   Thumb Code    74  stm32f3xx_hal_i2c_ex.o(.text.HAL_I2CEx_ConfigAnalogFilter)
    HAL_I2CEx_ConfigDigitalFilter            0x080017e9   Thumb Code    72  stm32f3xx_hal_i2c_ex.o(.text.HAL_I2CEx_ConfigDigitalFilter)
    HAL_I2C_Init                             0x08001831   Thumb Code   174  stm32f3xx_hal_i2c.o(.text.HAL_I2C_Init)
    HAL_I2C_MspInit                          0x080018e1   Thumb Code   106  i2c.o(.text.HAL_I2C_MspInit)
    HAL_IncTick                              0x0800194d   Thumb Code    26  stm32f3xx_hal.o(.text.HAL_IncTick)
    HAL_Init                                 0x08001969   Thumb Code    38  stm32f3xx_hal.o(.text.HAL_Init)
    HAL_InitTick                             0x08001991   Thumb Code    72  stm32f3xx_hal.o(.text.HAL_InitTick)
    HAL_MspInit                              0x080019d9   Thumb Code    50  stm32f3xx_hal_msp.o(.text.HAL_MspInit)
    HAL_NVIC_EnableIRQ                       0x08001a0d   Thumb Code    34  stm32f3xx_hal_cortex.o(.text.HAL_NVIC_EnableIRQ)
    HAL_NVIC_SetPriority                     0x08001a31   Thumb Code    86  stm32f3xx_hal_cortex.o(.text.HAL_NVIC_SetPriority)
    HAL_NVIC_SetPriorityGrouping             0x08001a89   Thumb Code    32  stm32f3xx_hal_cortex.o(.text.HAL_NVIC_SetPriorityGrouping)
    HAL_RCCEx_PeriphCLKConfig                0x08001aa9   Thumb Code   522  stm32f3xx_hal_rcc_ex.o(.text.HAL_RCCEx_PeriphCLKConfig)
    HAL_RCC_ClockConfig                      0x08001cb5   Thumb Code   418  stm32f3xx_hal_rcc.o(.text.HAL_RCC_ClockConfig)
    HAL_RCC_OscConfig                        0x08001e59   Thumb Code   936  stm32f3xx_hal_rcc.o(.text.HAL_RCC_OscConfig)
    HAL_SYSTICK_Config                       0x08002201   Thumb Code    44  stm32f3xx_hal_cortex.o(.text.HAL_SYSTICK_Config)
    HAL_TIMEx_Break2Callback                 0x0800222d   Thumb Code     2  stm32f3xx_hal_tim_ex.o(.text.HAL_TIMEx_Break2Callback)
    HAL_TIMEx_BreakCallback                  0x08002231   Thumb Code     2  stm32f3xx_hal_tim_ex.o(.text.HAL_TIMEx_BreakCallback)
    HAL_TIMEx_CommutCallback                 0x08002235   Thumb Code     2  stm32f3xx_hal_tim_ex.o(.text.HAL_TIMEx_CommutCallback)
    HAL_TIMEx_MasterConfigSynchronization    0x08002239   Thumb Code   162  stm32f3xx_hal_tim_ex.o(.text.HAL_TIMEx_MasterConfigSynchronization)
    HAL_TIM_Base_Init                        0x080022dd   Thumb Code    98  stm32f3xx_hal_tim.o(.text.HAL_TIM_Base_Init)
    HAL_TIM_Base_MspInit                     0x08002341   Thumb Code    68  tim.o(.text.HAL_TIM_Base_MspInit)
    HAL_TIM_Base_Start_IT                    0x08002385   Thumb Code   146  stm32f3xx_hal_tim.o(.text.HAL_TIM_Base_Start_IT)
    HAL_TIM_ConfigClockSource                0x08002419   Thumb Code   416  stm32f3xx_hal_tim.o(.text.HAL_TIM_ConfigClockSource)
    HAL_TIM_IC_CaptureCallback               0x080025b9   Thumb Code     2  stm32f3xx_hal_tim.o(.text.HAL_TIM_IC_CaptureCallback)
    HAL_TIM_IRQHandler                       0x080025bd   Thumb Code   364  stm32f3xx_hal_tim.o(.text.HAL_TIM_IRQHandler)
    HAL_TIM_OC_DelayElapsedCallback          0x08002729   Thumb Code     2  stm32f3xx_hal_tim.o(.text.HAL_TIM_OC_DelayElapsedCallback)
    HAL_TIM_PWM_PulseFinishedCallback        0x0800272d   Thumb Code     2  stm32f3xx_hal_tim.o(.text.HAL_TIM_PWM_PulseFinishedCallback)
    HAL_TIM_PeriodElapsedCallback            0x08002731   Thumb Code   324  main.o(.text.HAL_TIM_PeriodElapsedCallback)
    HAL_TIM_TriggerCallback                  0x08002885   Thumb Code     2  stm32f3xx_hal_tim.o(.text.HAL_TIM_TriggerCallback)
    HardFault_Handler                        0x08002889   Thumb Code     2  stm32f3xx_it.o(.text.HardFault_Handler)
    MX_ADC1_Init                             0x0800288d   Thumb Code   188  adc.o(.text.MX_ADC1_Init)
    MX_CAN_Init                              0x08002949   Thumb Code    64  can.o(.text.MX_CAN_Init)
    MX_DMA_Init                              0x08002989   Thumb Code    52  dma.o(.text.MX_DMA_Init)
    MX_GPIO_Init                             0x080029bd   Thumb Code   134  gpio.o(.text.MX_GPIO_Init)
    MX_I2C1_Init                             0x08002a45   Thumb Code   108  i2c.o(.text.MX_I2C1_Init)
    MX_TIM3_Init                             0x08002ab1   Thumb Code   120  tim.o(.text.MX_TIM3_Init)
    MemManage_Handler                        0x08002b29   Thumb Code     2  stm32f3xx_it.o(.text.MemManage_Handler)
    NMI_Handler                              0x08002b2d   Thumb Code     2  stm32f3xx_it.o(.text.NMI_Handler)
    OLED_Clear                               0x08002b31   Thumb Code   146  oled.o(.text.OLED_Clear)
    OLED_I2C_SendByte                        0x08002bc5   Thumb Code   292  oled.o(.text.OLED_I2C_SendByte)
    OLED_Init                                0x08002ce9   Thumb Code   240  oled.o(.text.OLED_Init)
    OLED_ShowChar                            0x08002dd9   Thumb Code   212  oled.o(.text.OLED_ShowChar)
    OLED_ShowNum                             0x08002ead   Thumb Code   180  oled.o(.text.OLED_ShowNum)
    OLED_ShowSignedNum                       0x08002f61   Thumb Code   206  oled.o(.text.OLED_ShowSignedNum)
    OLED_ShowString                          0x08003031   Thumb Code    42  oled.o(.text.OLED_ShowString)
    OLED_WriteCommand                        0x0800305d   Thumb Code   104  oled.o(.text.OLED_WriteCommand)
    OLED_WriteData                           0x080030c5   Thumb Code   104  oled.o(.text.OLED_WriteData)
    PendSV_Handler                           0x0800312d   Thumb Code     2  stm32f3xx_it.o(.text.PendSV_Handler)
    SVC_Handler                              0x08003131   Thumb Code     2  stm32f3xx_it.o(.text.SVC_Handler)
    SysTick_Handler                          0x08003135   Thumb Code     4  stm32f3xx_it.o(.text.SysTick_Handler)
    SystemInit                               0x08003139   Thumb Code    18  system_stm32f3xx.o(.text.SystemInit)
    TIM3_IRQHandler                          0x0800314d   Thumb Code    12  stm32f3xx_it.o(.text.TIM3_IRQHandler)
    TIM_Base_SetConfig                       0x08003159   Thumb Code   290  stm32f3xx_hal_tim.o(.text.TIM_Base_SetConfig)
    UsageFault_Handler                       0x0800327d   Thumb Code     2  stm32f3xx_it.o(.text.UsageFault_Handler)
    main                                     0x08003281   Thumb Code   704  main.o(.text.main)
    __aeabi_d2iz                             0x08003565   Thumb Code     0  dfix.o(x$fpl$dfix)
    _dfix                                    0x08003565   Thumb Code    94  dfix.o(x$fpl$dfix)
    __aeabi_dmul                             0x080035c5   Thumb Code     0  dmul.o(x$fpl$dmul)
    _dmul                                    0x080035c5   Thumb Code   332  dmul.o(x$fpl$dmul)
    __fpl_dnaninf                            0x08003719   Thumb Code   156  dnaninf.o(x$fpl$dnaninf)
    __fpl_dretinf                            0x080037b5   Thumb Code    12  dretinf.o(x$fpl$dretinf)
    __aeabi_f2d                              0x080037c1   Thumb Code     0  f2d.o(x$fpl$f2d)
    _f2d                                     0x080037c1   Thumb Code    86  f2d.o(x$fpl$f2d)
    __fpl_fnaninf                            0x08003817   Thumb Code   140  fnaninf.o(x$fpl$fnaninf)
    _fp_init                                 0x080038a3   Thumb Code    26  fpinit.o(x$fpl$fpinit)
    __fplib_config_fpu_vfp                   0x080038bb   Thumb Code     0  fpinit.o(x$fpl$fpinit)
    __fplib_config_pureend_doubles           0x080038bb   Thumb Code     0  fpinit.o(x$fpl$fpinit)
    AHBPrescTable                            0x080038bc   Data          16  system_stm32f3xx.o(.rodata.AHBPrescTable)
    __I$use$fp                               0x080038bc   Number         0  usenofp.o(x$fpl$usenofp)
    Region$$Table$$Base                      0x080038ec   Number         0  anon$$obj.o(Region$$Table)
    Region$$Table$$Limit                     0x0800390c   Number         0  anon$$obj.o(Region$$Table)
    uwTickFreq                               0x20000000   Data           1  stm32f3xx_hal.o(.data..L_MergedGlobals)
    uwTickPrio                               0x20000004   Data           4  stm32f3xx_hal.o(.data..L_MergedGlobals)
    OLED_F8x16                               0x20000008   Data        1520  oled.o(.data.OLED_F8x16)
    SystemCoreClock                          0x200005f8   Data           4  system_stm32f3xx.o(.data.SystemCoreClock)
    adc_data                                 0x200005fc   Data          76  main.o(.data.adc_data)
    __libspace_start                         0x20000648   Data          96  libspace.o(.bss)
    V_f                                      0x200006a8   Data           2  main.o(.bss..L_MergedGlobals)
    __temporary_stack_top$libspace           0x200006a8   Data           0  libspace.o(.bss)
    I_f                                      0x200006aa   Data           2  main.o(.bss..L_MergedGlobals)
    P_f                                      0x200006ac   Data           2  main.o(.bss..L_MergedGlobals)
    gpp                                      0x200006b0   Data           4  main.o(.bss..L_MergedGlobals)
    gdd                                      0x200006b4   Data           4  main.o(.bss..L_MergedGlobals)
    P                                        0x200006b8   Data           4  main.o(.bss..L_MergedGlobals)
    data                                     0x200006bc   Data           8  main.o(.bss..L_MergedGlobals)
    count                                    0x200006c4   Data           4  main.o(.bss.count)
    hadc1                                    0x200006c8   Data          80  adc.o(.bss.hadc1)
    hcan                                     0x20000718   Data          40  can.o(.bss.hcan)
    hdma_adc1                                0x20000740   Data          68  adc.o(.bss.hdma_adc1)
    hi2c1                                    0x20000784   Data          84  i2c.o(.bss.hi2c1)
    htim3                                    0x200007d8   Data          76  tim.o(.bss.htim3)
    uwTick                                   0x20000824   Data           4  stm32f3xx_hal.o(.bss.uwTick)



==============================================================================

Memory Map of the image

  Image Entry point : 0x08000189

  Load Region LR_IROM1 (Base: 0x08000000, Size: 0x00003f58, Max: 0x00020000, ABSOLUTE, COMPRESSED[0x00003ca0])

    Execution Region ER_IROM1 (Exec base: 0x08000000, Load base: 0x08000000, Size: 0x0000390c, Max: 0x00020000, ABSOLUTE)

    Exec Addr    Load Addr    Size         Type   Attr      Idx    E Section Name        Object

    0x08000000   0x08000000   0x00000188   Data   RO            3    RESET               startup_stm32f303xc.o
    0x08000188   0x08000188   0x00000008   Code   RO         1305  * !!!main             c_w.l(__main.o)
    0x08000190   0x08000190   0x0000005c   Code   RO         1487    !!!scatter          c_w.l(__scatter.o)
    0x080001ec   0x080001ec   0x0000005a   Code   RO         1485    !!dczerorl2         c_w.l(__dczerorl2.o)
    0x08000246   0x08000246   0x00000002   PAD
    0x08000248   0x08000248   0x00000002   Code   RO         1488    !!handler_null      c_w.l(__scatter.o)
    0x0800024a   0x0800024a   0x00000002   PAD
    0x0800024c   0x0800024c   0x0000001c   Code   RO         1491    !!handler_zi        c_w.l(__scatter_zi.o)
    0x08000268   0x08000268   0x00000002   Code   RO         1347    .ARM.Collect$$libinit$$00000000  c_w.l(libinit.o)
    0x0800026a   0x0800026a   0x00000004   Code   RO         1353    .ARM.Collect$$libinit$$00000001  c_w.l(libinit2.o)
    0x0800026e   0x0800026e   0x00000000   Code   RO         1356    .ARM.Collect$$libinit$$00000004  c_w.l(libinit2.o)
    0x0800026e   0x0800026e   0x00000000   Code   RO         1358    .ARM.Collect$$libinit$$00000006  c_w.l(libinit2.o)
    0x0800026e   0x0800026e   0x00000000   Code   RO         1361    .ARM.Collect$$libinit$$0000000C  c_w.l(libinit2.o)
    0x0800026e   0x0800026e   0x00000000   Code   RO         1363    .ARM.Collect$$libinit$$0000000E  c_w.l(libinit2.o)
    0x0800026e   0x0800026e   0x00000000   Code   RO         1365    .ARM.Collect$$libinit$$00000010  c_w.l(libinit2.o)
    0x0800026e   0x0800026e   0x00000000   Code   RO         1368    .ARM.Collect$$libinit$$00000013  c_w.l(libinit2.o)
    0x0800026e   0x0800026e   0x00000000   Code   RO         1370    .ARM.Collect$$libinit$$00000015  c_w.l(libinit2.o)
    0x0800026e   0x0800026e   0x00000000   Code   RO         1372    .ARM.Collect$$libinit$$00000017  c_w.l(libinit2.o)
    0x0800026e   0x0800026e   0x00000000   Code   RO         1374    .ARM.Collect$$libinit$$00000019  c_w.l(libinit2.o)
    0x0800026e   0x0800026e   0x00000000   Code   RO         1376    .ARM.Collect$$libinit$$0000001B  c_w.l(libinit2.o)
    0x0800026e   0x0800026e   0x00000000   Code   RO         1378    .ARM.Collect$$libinit$$0000001D  c_w.l(libinit2.o)
    0x0800026e   0x0800026e   0x00000000   Code   RO         1380    .ARM.Collect$$libinit$$0000001F  c_w.l(libinit2.o)
    0x0800026e   0x0800026e   0x00000000   Code   RO         1382    .ARM.Collect$$libinit$$00000021  c_w.l(libinit2.o)
    0x0800026e   0x0800026e   0x00000000   Code   RO         1384    .ARM.Collect$$libinit$$00000023  c_w.l(libinit2.o)
    0x0800026e   0x0800026e   0x00000000   Code   RO         1386    .ARM.Collect$$libinit$$00000025  c_w.l(libinit2.o)
    0x0800026e   0x0800026e   0x00000000   Code   RO         1388    .ARM.Collect$$libinit$$00000027  c_w.l(libinit2.o)
    0x0800026e   0x0800026e   0x00000000   Code   RO         1392    .ARM.Collect$$libinit$$0000002E  c_w.l(libinit2.o)
    0x0800026e   0x0800026e   0x00000000   Code   RO         1394    .ARM.Collect$$libinit$$00000030  c_w.l(libinit2.o)
    0x0800026e   0x0800026e   0x00000000   Code   RO         1396    .ARM.Collect$$libinit$$00000032  c_w.l(libinit2.o)
    0x0800026e   0x0800026e   0x00000000   Code   RO         1398    .ARM.Collect$$libinit$$00000034  c_w.l(libinit2.o)
    0x0800026e   0x0800026e   0x00000002   Code   RO         1399    .ARM.Collect$$libinit$$00000035  c_w.l(libinit2.o)
    0x08000270   0x08000270   0x00000002   Code   RO         1421    .ARM.Collect$$libshutdown$$00000000  c_w.l(libshutdown.o)
    0x08000272   0x08000272   0x00000000   Code   RO         1436    .ARM.Collect$$libshutdown$$00000002  c_w.l(libshutdown2.o)
    0x08000272   0x08000272   0x00000000   Code   RO         1438    .ARM.Collect$$libshutdown$$00000004  c_w.l(libshutdown2.o)
    0x08000272   0x08000272   0x00000000   Code   RO         1441    .ARM.Collect$$libshutdown$$00000007  c_w.l(libshutdown2.o)
    0x08000272   0x08000272   0x00000000   Code   RO         1444    .ARM.Collect$$libshutdown$$0000000A  c_w.l(libshutdown2.o)
    0x08000272   0x08000272   0x00000000   Code   RO         1446    .ARM.Collect$$libshutdown$$0000000C  c_w.l(libshutdown2.o)
    0x08000272   0x08000272   0x00000000   Code   RO         1449    .ARM.Collect$$libshutdown$$0000000F  c_w.l(libshutdown2.o)
    0x08000272   0x08000272   0x00000002   Code   RO         1450    .ARM.Collect$$libshutdown$$00000010  c_w.l(libshutdown2.o)
    0x08000274   0x08000274   0x00000000   Code   RO         1315    .ARM.Collect$$rtentry$$00000000  c_w.l(__rtentry.o)
    0x08000274   0x08000274   0x00000000   Code   RO         1324    .ARM.Collect$$rtentry$$00000002  c_w.l(__rtentry2.o)
    0x08000274   0x08000274   0x00000006   Code   RO         1336    .ARM.Collect$$rtentry$$00000004  c_w.l(__rtentry4.o)
    0x0800027a   0x0800027a   0x00000000   Code   RO         1326    .ARM.Collect$$rtentry$$00000009  c_w.l(__rtentry2.o)
    0x0800027a   0x0800027a   0x00000004   Code   RO         1327    .ARM.Collect$$rtentry$$0000000A  c_w.l(__rtentry2.o)
    0x0800027e   0x0800027e   0x00000000   Code   RO         1329    .ARM.Collect$$rtentry$$0000000C  c_w.l(__rtentry2.o)
    0x0800027e   0x0800027e   0x00000008   Code   RO         1330    .ARM.Collect$$rtentry$$0000000D  c_w.l(__rtentry2.o)
    0x08000286   0x08000286   0x00000002   Code   RO         1351    .ARM.Collect$$rtexit$$00000000  c_w.l(rtexit.o)
    0x08000288   0x08000288   0x00000000   Code   RO         1401    .ARM.Collect$$rtexit$$00000002  c_w.l(rtexit2.o)
    0x08000288   0x08000288   0x00000004   Code   RO         1402    .ARM.Collect$$rtexit$$00000003  c_w.l(rtexit2.o)
    0x0800028c   0x0800028c   0x00000006   Code   RO         1403    .ARM.Collect$$rtexit$$00000004  c_w.l(rtexit2.o)
    0x08000292   0x08000292   0x00000002   PAD
    0x08000294   0x08000294   0x00000040   Code   RO            4    .text               startup_stm32f303xc.o
    0x080002d4   0x080002d4   0x0000004e   Code   RO         1301    .text               c_w.l(rt_memclr_w.o)
    0x08000322   0x08000322   0x00000006   Code   RO         1303    .text               c_w.l(heapauxi.o)
    0x08000328   0x08000328   0x0000004a   Code   RO         1338    .text               c_w.l(sys_stackheap_outer.o)
    0x08000372   0x08000372   0x00000012   Code   RO         1340    .text               c_w.l(exit.o)
    0x08000384   0x08000384   0x00000008   Code   RO         1348    .text               c_w.l(libspace.o)
    0x0800038c   0x0800038c   0x0000000c   Code   RO         1411    .text               c_w.l(sys_exit.o)
    0x08000398   0x08000398   0x00000002   Code   RO         1426    .text               c_w.l(use_no_semi.o)
    0x0800039a   0x0800039a   0x00000000   Code   RO         1428    .text               c_w.l(indicate_semi.o)
    0x0800039a   0x0800039a   0x00000002   PAD
    0x0800039c   0x0800039c   0x00000050   Code   RO          226    .text.ADC_DMAConvCplt  stm32f3xx_hal_adc_ex.o
    0x080003ec   0x080003ec   0x00000016   Code   RO          230    .text.ADC_DMAError  stm32f3xx_hal_adc_ex.o
    0x08000402   0x08000402   0x00000002   PAD
    0x08000404   0x08000404   0x00000006   Code   RO          228    .text.ADC_DMAHalfConvCplt  stm32f3xx_hal_adc_ex.o
    0x0800040a   0x0800040a   0x00000002   PAD
    0x0800040c   0x0800040c   0x00000002   Code   RO          121    .text.BusFault_Handler  stm32f3xx_it.o
    0x0800040e   0x0800040e   0x00000002   PAD
    0x08000410   0x08000410   0x0000003e   Code   RO         1281    .text.CAN_Init      can_receive.o
    0x0800044e   0x0800044e   0x00000002   PAD
    0x08000450   0x08000450   0x00000052   Code   RO         1283    .text.CAN_SendData  can_receive.o
    0x080004a2   0x080004a2   0x00000002   PAD
    0x080004a4   0x080004a4   0x0000000c   Code   RO          133    .text.DMA1_Channel1_IRQHandler  stm32f3xx_it.o
    0x080004b0   0x080004b0   0x00000002   Code   RO          127    .text.DebugMon_Handler  stm32f3xx_it.o
    0x080004b2   0x080004b2   0x00000002   PAD
    0x080004b4   0x080004b4   0x0000000a   Code   RO           19    .text.Error_Handler  main.o
    0x080004be   0x080004be   0x00000002   PAD
    0x080004c0   0x080004c0   0x000000fe   Code   RO          246    .text.HAL_ADCEx_Calibration_Start  stm32f3xx_hal_adc_ex.o
    0x080005be   0x080005be   0x00000002   PAD
    0x080005c0   0x080005c0   0x00000112   Code   RO          284    .text.HAL_ADCEx_MultiModeConfigChannel  stm32f3xx_hal_adc_ex.o
    0x080006d2   0x080006d2   0x00000002   PAD
    0x080006d4   0x080006d4   0x00000404   Code   RO          278    .text.HAL_ADC_ConfigChannel  stm32f3xx_hal_adc_ex.o
    0x08000ad8   0x08000ad8   0x00000002   Code   RO          180    .text.HAL_ADC_ConvCpltCallback  stm32f3xx_hal_adc.o
    0x08000ada   0x08000ada   0x00000002   PAD
    0x08000adc   0x08000adc   0x00000002   Code   RO          182    .text.HAL_ADC_ConvHalfCpltCallback  stm32f3xx_hal_adc.o
    0x08000ade   0x08000ade   0x00000002   PAD
    0x08000ae0   0x08000ae0   0x00000002   Code   RO          186    .text.HAL_ADC_ErrorCallback  stm32f3xx_hal_adc.o
    0x08000ae2   0x08000ae2   0x00000002   PAD
    0x08000ae4   0x08000ae4   0x00000312   Code   RO          204    .text.HAL_ADC_Init  stm32f3xx_hal_adc_ex.o
    0x08000df6   0x08000df6   0x00000002   PAD
    0x08000df8   0x08000df8   0x0000009e   Code   RO           47    .text.HAL_ADC_MspInit  adc.o
    0x08000e96   0x08000e96   0x00000002   PAD
    0x08000e98   0x08000e98   0x000001aa   Code   RO          224    .text.HAL_ADC_Start_DMA  stm32f3xx_hal_adc_ex.o
    0x08001042   0x08001042   0x00000002   PAD
    0x08001044   0x08001044   0x0000002e   Code   RO          851    .text.HAL_CAN_ActivateNotification  stm32f3xx_hal_can.o
    0x08001072   0x08001072   0x00000002   PAD
    0x08001074   0x08001074   0x000000a8   Code   RO          837    .text.HAL_CAN_AddTxMessage  stm32f3xx_hal_can.o
    0x0800111c   0x0800111c   0x000000ea   Code   RO          827    .text.HAL_CAN_ConfigFilter  stm32f3xx_hal_can.o
    0x08001206   0x08001206   0x00000002   PAD
    0x08001208   0x08001208   0x000000f4   Code   RO          817    .text.HAL_CAN_Init  stm32f3xx_hal_can.o
    0x080012fc   0x080012fc   0x00000068   Code   RO           63    .text.HAL_CAN_MspInit  can.o
    0x08001364   0x08001364   0x0000005a   Code   RO          829    .text.HAL_CAN_Start  stm32f3xx_hal_can.o
    0x080013be   0x080013be   0x00000002   PAD
    0x080013c0   0x080013c0   0x000000a2   Code   RO          444    .text.HAL_DMA_IRQHandler  stm32f3xx_hal_dma.o
    0x08001462   0x08001462   0x00000002   PAD
    0x08001464   0x08001464   0x0000009a   Code   RO          430    .text.HAL_DMA_Init  stm32f3xx_hal_dma.o
    0x080014fe   0x080014fe   0x00000002   PAD
    0x08001500   0x08001500   0x000000a0   Code   RO          436    .text.HAL_DMA_Start_IT  stm32f3xx_hal_dma.o
    0x080015a0   0x080015a0   0x00000028   Code   RO          314    .text.HAL_Delay     stm32f3xx_hal.o
    0x080015c8   0x080015c8   0x0000019e   Code   RO          406    .text.HAL_GPIO_Init  stm32f3xx_hal_gpio.o
    0x08001766   0x08001766   0x00000002   PAD
    0x08001768   0x08001768   0x0000000a   Code   RO          410    .text.HAL_GPIO_ReadPin  stm32f3xx_hal_gpio.o
    0x08001772   0x08001772   0x00000002   PAD
    0x08001774   0x08001774   0x00000010   Code   RO          414    .text.HAL_GPIO_TogglePin  stm32f3xx_hal_gpio.o
    0x08001784   0x08001784   0x0000000c   Code   RO          412    .text.HAL_GPIO_WritePin  stm32f3xx_hal_gpio.o
    0x08001790   0x08001790   0x0000000c   Code   RO          306    .text.HAL_GetTick   stm32f3xx_hal.o
    0x0800179c   0x0800179c   0x0000004a   Code   RO          771    .text.HAL_I2CEx_ConfigAnalogFilter  stm32f3xx_hal_i2c_ex.o
    0x080017e6   0x080017e6   0x00000002   PAD
    0x080017e8   0x080017e8   0x00000048   Code   RO          773    .text.HAL_I2CEx_ConfigDigitalFilter  stm32f3xx_hal_i2c_ex.o
    0x08001830   0x08001830   0x000000ae   Code   RO          617    .text.HAL_I2C_Init  stm32f3xx_hal_i2c.o
    0x080018de   0x080018de   0x00000002   PAD
    0x080018e0   0x080018e0   0x0000006a   Code   RO           87    .text.HAL_I2C_MspInit  i2c.o
    0x0800194a   0x0800194a   0x00000002   PAD
    0x0800194c   0x0800194c   0x0000001a   Code   RO          304    .text.HAL_IncTick   stm32f3xx_hal.o
    0x08001966   0x08001966   0x00000002   PAD
    0x08001968   0x08001968   0x00000026   Code   RO          294    .text.HAL_Init      stm32f3xx_hal.o
    0x0800198e   0x0800198e   0x00000002   PAD
    0x08001990   0x08001990   0x00000048   Code   RO          296    .text.HAL_InitTick  stm32f3xx_hal.o
    0x080019d8   0x080019d8   0x00000032   Code   RO          144    .text.HAL_MspInit   stm32f3xx_hal_msp.o
    0x08001a0a   0x08001a0a   0x00000002   PAD
    0x08001a0c   0x08001a0c   0x00000022   Code   RO          466    .text.HAL_NVIC_EnableIRQ  stm32f3xx_hal_cortex.o
    0x08001a2e   0x08001a2e   0x00000002   PAD
    0x08001a30   0x08001a30   0x00000056   Code   RO          464    .text.HAL_NVIC_SetPriority  stm32f3xx_hal_cortex.o
    0x08001a86   0x08001a86   0x00000002   PAD
    0x08001a88   0x08001a88   0x00000020   Code   RO          462    .text.HAL_NVIC_SetPriorityGrouping  stm32f3xx_hal_cortex.o
    0x08001aa8   0x08001aa8   0x0000020a   Code   RO          391    .text.HAL_RCCEx_PeriphCLKConfig  stm32f3xx_hal_rcc_ex.o
    0x08001cb2   0x08001cb2   0x00000002   PAD
    0x08001cb4   0x08001cb4   0x000001a2   Code   RO          358    .text.HAL_RCC_ClockConfig  stm32f3xx_hal_rcc.o
    0x08001e56   0x08001e56   0x00000002   PAD
    0x08001e58   0x08001e58   0x000003a8   Code   RO          356    .text.HAL_RCC_OscConfig  stm32f3xx_hal_rcc.o
    0x08002200   0x08002200   0x0000002c   Code   RO          474    .text.HAL_SYSTICK_Config  stm32f3xx_hal_cortex.o
    0x0800222c   0x0800222c   0x00000002   Code   RO         1206    .text.HAL_TIMEx_Break2Callback  stm32f3xx_hal_tim_ex.o
    0x0800222e   0x0800222e   0x00000002   PAD
    0x08002230   0x08002230   0x00000002   Code   RO         1204    .text.HAL_TIMEx_BreakCallback  stm32f3xx_hal_tim_ex.o
    0x08002232   0x08002232   0x00000002   PAD
    0x08002234   0x08002234   0x00000002   Code   RO         1200    .text.HAL_TIMEx_CommutCallback  stm32f3xx_hal_tim_ex.o
    0x08002236   0x08002236   0x00000002   PAD
    0x08002238   0x08002238   0x000000a2   Code   RO         1192    .text.HAL_TIMEx_MasterConfigSynchronization  stm32f3xx_hal_tim_ex.o
    0x080022da   0x080022da   0x00000002   PAD
    0x080022dc   0x080022dc   0x00000062   Code   RO          897    .text.HAL_TIM_Base_Init  stm32f3xx_hal_tim.o
    0x0800233e   0x0800233e   0x00000002   PAD
    0x08002340   0x08002340   0x00000044   Code   RO          102    .text.HAL_TIM_Base_MspInit  tim.o
    0x08002384   0x08002384   0x00000092   Code   RO          911    .text.HAL_TIM_Base_Start_IT  stm32f3xx_hal_tim.o
    0x08002416   0x08002416   0x00000002   PAD
    0x08002418   0x08002418   0x000001a0   Code   RO         1077    .text.HAL_TIM_ConfigClockSource  stm32f3xx_hal_tim.o
    0x080025b8   0x080025b8   0x00000002   Code   RO         1033    .text.HAL_TIM_IC_CaptureCallback  stm32f3xx_hal_tim.o
    0x080025ba   0x080025ba   0x00000002   PAD
    0x080025bc   0x080025bc   0x0000016c   Code   RO         1031    .text.HAL_TIM_IRQHandler  stm32f3xx_hal_tim.o
    0x08002728   0x08002728   0x00000002   Code   RO         1035    .text.HAL_TIM_OC_DelayElapsedCallback  stm32f3xx_hal_tim.o
    0x0800272a   0x0800272a   0x00000002   PAD
    0x0800272c   0x0800272c   0x00000002   Code   RO         1037    .text.HAL_TIM_PWM_PulseFinishedCallback  stm32f3xx_hal_tim.o
    0x0800272e   0x0800272e   0x00000002   PAD
    0x08002730   0x08002730   0x00000154   Code   RO           21    .text.HAL_TIM_PeriodElapsedCallback  main.o
    0x08002884   0x08002884   0x00000002   Code   RO         1041    .text.HAL_TIM_TriggerCallback  stm32f3xx_hal_tim.o
    0x08002886   0x08002886   0x00000002   PAD
    0x08002888   0x08002888   0x00000002   Code   RO          117    .text.HardFault_Handler  stm32f3xx_it.o
    0x0800288a   0x0800288a   0x00000002   PAD
    0x0800288c   0x0800288c   0x000000bc   Code   RO           45    .text.MX_ADC1_Init  adc.o
    0x08002948   0x08002948   0x00000040   Code   RO           61    .text.MX_CAN_Init   can.o
    0x08002988   0x08002988   0x00000034   Code   RO           76    .text.MX_DMA_Init   dma.o
    0x080029bc   0x080029bc   0x00000086   Code   RO           35    .text.MX_GPIO_Init  gpio.o
    0x08002a42   0x08002a42   0x00000002   PAD
    0x08002a44   0x08002a44   0x0000006c   Code   RO           85    .text.MX_I2C1_Init  i2c.o
    0x08002ab0   0x08002ab0   0x00000078   Code   RO          100    .text.MX_TIM3_Init  tim.o
    0x08002b28   0x08002b28   0x00000002   Code   RO          119    .text.MemManage_Handler  stm32f3xx_it.o
    0x08002b2a   0x08002b2a   0x00000002   PAD
    0x08002b2c   0x08002b2c   0x00000002   Code   RO          115    .text.NMI_Handler   stm32f3xx_it.o
    0x08002b2e   0x08002b2e   0x00000002   PAD
    0x08002b30   0x08002b30   0x00000092   Code   RO         1249    .text.OLED_Clear    oled.o
    0x08002bc2   0x08002bc2   0x00000002   PAD
    0x08002bc4   0x08002bc4   0x00000124   Code   RO         1241    .text.OLED_I2C_SendByte  oled.o
    0x08002ce8   0x08002ce8   0x000000f0   Code   RO         1267    .text.OLED_Init     oled.o
    0x08002dd8   0x08002dd8   0x000000d4   Code   RO         1251    .text.OLED_ShowChar  oled.o
    0x08002eac   0x08002eac   0x000000b4   Code   RO         1257    .text.OLED_ShowNum  oled.o
    0x08002f60   0x08002f60   0x000000ce   Code   RO         1259    .text.OLED_ShowSignedNum  oled.o
    0x0800302e   0x0800302e   0x00000002   PAD
    0x08003030   0x08003030   0x0000002a   Code   RO         1253    .text.OLED_ShowString  oled.o
    0x0800305a   0x0800305a   0x00000002   PAD
    0x0800305c   0x0800305c   0x00000068   Code   RO         1243    .text.OLED_WriteCommand  oled.o
    0x080030c4   0x080030c4   0x00000068   Code   RO         1245    .text.OLED_WriteData  oled.o
    0x0800312c   0x0800312c   0x00000002   Code   RO          129    .text.PendSV_Handler  stm32f3xx_it.o
    0x0800312e   0x0800312e   0x00000002   PAD
    0x08003130   0x08003130   0x00000002   Code   RO          125    .text.SVC_Handler   stm32f3xx_it.o
    0x08003132   0x08003132   0x00000002   PAD
    0x08003134   0x08003134   0x00000004   Code   RO          131    .text.SysTick_Handler  stm32f3xx_it.o
    0x08003138   0x08003138   0x00000012   Code   RO         1220    .text.SystemInit    system_stm32f3xx.o
    0x0800314a   0x0800314a   0x00000002   PAD
    0x0800314c   0x0800314c   0x0000000c   Code   RO          135    .text.TIM3_IRQHandler  stm32f3xx_it.o
    0x08003158   0x08003158   0x00000122   Code   RO          901    .text.TIM_Base_SetConfig  stm32f3xx_hal_tim.o
    0x0800327a   0x0800327a   0x00000002   PAD
    0x0800327c   0x0800327c   0x00000002   Code   RO          123    .text.UsageFault_Handler  stm32f3xx_it.o
    0x0800327e   0x0800327e   0x00000002   PAD
    0x08003280   0x08003280   0x000002e4   Code   RO           15    .text.main          main.o
    0x08003564   0x08003564   0x0000005e   Code   RO         1307    x$fpl$dfix          fz_wm.l(dfix.o)
    0x080035c2   0x080035c2   0x00000002   PAD
    0x080035c4   0x080035c4   0x00000154   Code   RO         1311    x$fpl$dmul          fz_wm.l(dmul.o)
    0x08003718   0x08003718   0x0000009c   Code   RO         1316    x$fpl$dnaninf       fz_wm.l(dnaninf.o)
    0x080037b4   0x080037b4   0x0000000c   Code   RO         1318    x$fpl$dretinf       fz_wm.l(dretinf.o)
    0x080037c0   0x080037c0   0x00000056   Code   RO         1313    x$fpl$f2d           fz_wm.l(f2d.o)
    0x08003816   0x08003816   0x0000008c   Code   RO         1320    x$fpl$fnaninf       fz_wm.l(fnaninf.o)
    0x080038a2   0x080038a2   0x0000001a   Code   RO         1409    x$fpl$fpinit        fz_wm.l(fpinit.o)
    0x080038bc   0x080038bc   0x00000000   Code   RO         1322    x$fpl$usenofp       fz_wm.l(usenofp.o)
    0x080038bc   0x080038bc   0x00000010   Data   RO         1225    .rodata.AHBPrescTable  system_stm32f3xx.o
    0x080038cc   0x080038cc   0x00000020   Data   RO          382    .rodata.cst16       stm32f3xx_hal_rcc.o
    0x080038ec   0x080038ec   0x00000020   Data   RO         1484    Region$$Table       anon$$obj.o


    Execution Region RW_IRAM2 (Exec base: 0x10000000, Load base: 0x08003ca0, Size: 0x00000000, Max: 0x00002000, ABSOLUTE)

    **** No section assigned to this execution region ****


    Execution Region RW_IRAM1 (Exec base: 0x20000000, Load base: 0x08003910, Size: 0x00000e28, Max: 0x00008000, ABSOLUTE, COMPRESSED[0x00000390])

    Exec Addr    Load Addr    Size         Type   Attr      Idx    E Section Name        Object

    0x20000000   COMPRESSED   0x00000008   Data   RW          345    .data..L_MergedGlobals  stm32f3xx_hal.o
    0x20000008   COMPRESSED   0x000005f0   Data   RW         1270    .data.OLED_F8x16    oled.o
    0x200005f8   COMPRESSED   0x00000004   Data   RW         1224    .data.SystemCoreClock  system_stm32f3xx.o
    0x200005fc   COMPRESSED   0x0000004c   Data   RW           23    .data.adc_data      main.o
    0x20000648        -       0x00000060   Zero   RW         1349    .bss                c_w.l(libspace.o)
    0x200006a8        -       0x0000001c   Zero   RW           26    .bss..L_MergedGlobals  main.o
    0x200006c4        -       0x00000004   Zero   RW           24    .bss.count          main.o
    0x200006c8        -       0x00000050   Zero   RW           51    .bss.hadc1          adc.o
    0x20000718        -       0x00000028   Zero   RW           67    .bss.hcan           can.o
    0x20000740        -       0x00000044   Zero   RW           52    .bss.hdma_adc1      adc.o
    0x20000784        -       0x00000054   Zero   RW           91    .bss.hi2c1          i2c.o
    0x200007d8        -       0x0000004c   Zero   RW          106    .bss.htim3          tim.o
    0x20000824        -       0x00000004   Zero   RW          344    .bss.uwTick         stm32f3xx_hal.o
    0x20000828        -       0x00000200   Zero   RW            2    HEAP                startup_stm32f303xc.o
    0x20000a28        -       0x00000400   Zero   RW            1    STACK               startup_stm32f303xc.o


==============================================================================

Image component sizes


      Code (inc. data)   RO Data    RW Data    ZI Data      Debug   Object Name

       346          0          0          0        148       5428   adc.o
       168          0          0          0         40       4121   can.o
       144          0          0          0          0       5076   can_receive.o
        52          0          0          0          0       2736   dma.o
       134          0          0          0          0       1951   gpio.o
       214          0          0          0         84       4927   i2c.o
      1090         52          0         76         32      11091   main.o
      1526          0          0       1520          0       9696   oled.o
        64         26        392          0       1536        848   startup_stm32f303xc.o
       188          0          0          8          4       6351   stm32f3xx_hal.o
         6          0          0          0          0       6913   stm32f3xx_hal_adc.o
      2876         26          0          0          0      31449   stm32f3xx_hal_adc_ex.o
       782          0          0          0          0      13634   stm32f3xx_hal_can.o
       196          0          0          0          0      10381   stm32f3xx_hal_cortex.o
       476          0          0          0          0       7794   stm32f3xx_hal_dma.o
       452          0          0          0          0       4594   stm32f3xx_hal_gpio.o
       174          0          0          0          0      58784   stm32f3xx_hal_i2c.o
       146          0          0          0          0       5364   stm32f3xx_hal_i2c_ex.o
        50          0          0          0          0       1009   stm32f3xx_hal_msp.o
      1354          0         32          0          0       7530   stm32f3xx_hal_rcc.o
       522          0          0          0          0       6717   stm32f3xx_hal_rcc_ex.o
      1322          0          0          0          0      60782   stm32f3xx_hal_tim.o
       168          0          0          0          0      21318   stm32f3xx_hal_tim_ex.o
        44          0          0          0          0       4523   stm32f3xx_it.o
        18          0         16          4          0       2209   system_stm32f3xx.o
       188          0          0          0         76       6713   tim.o

    ----------------------------------------------------------------------
     12808        104        472       1608       1920     301939   Object Totals
         0          0         32          0          0          0   (incl. Generated)
       108          0          0          0          0          0   (incl. Padding)

    ----------------------------------------------------------------------

      Code (inc. data)   RO Data    RW Data    ZI Data      Debug   Library Member Name

        90          0          0          0          0          0   __dczerorl2.o
         8          0          0          0          0         68   __main.o
         0          0          0          0          0          0   __rtentry.o
        12          0          0          0          0          0   __rtentry2.o
         6          0          0          0          0          0   __rtentry4.o
        94          8          0          0          0          0   __scatter.o
        28          0          0          0          0          0   __scatter_zi.o
        18          0          0          0          0         80   exit.o
         6          0          0          0          0        152   heapauxi.o
         0          0          0          0          0          0   indicate_semi.o
         2          0          0          0          0          0   libinit.o
         6          0          0          0          0          0   libinit2.o
         2          0          0          0          0          0   libshutdown.o
         2          0          0          0          0          0   libshutdown2.o
         8          4          0          0         96         68   libspace.o
        78          0          0          0          0         80   rt_memclr_w.o
         2          0          0          0          0          0   rtexit.o
        10          0          0          0          0          0   rtexit2.o
        12          4          0          0          0         68   sys_exit.o
        74          0          0          0          0         80   sys_stackheap_outer.o
         2          0          0          0          0         68   use_no_semi.o
        94          4          0          0          0        140   dfix.o
       340         12          0          0          0        152   dmul.o
       156          4          0          0          0        140   dnaninf.o
        12          0          0          0          0        116   dretinf.o
        86          4          0          0          0        132   f2d.o
       140          4          0          0          0        132   fnaninf.o
        26          0          0          0          0        116   fpinit.o
         0          0          0          0          0          0   usenofp.o

    ----------------------------------------------------------------------
      1324         44          0          0         96       1592   Library Totals
        10          0          0          0          0          0   (incl. Padding)

    ----------------------------------------------------------------------

      Code (inc. data)   RO Data    RW Data    ZI Data      Debug   Library Name

       460         16          0          0         96        664   c_w.l
       854         28          0          0          0        928   fz_wm.l

    ----------------------------------------------------------------------
      1324         44          0          0         96       1592   Library Totals

    ----------------------------------------------------------------------

==============================================================================


      Code (inc. data)   RO Data    RW Data    ZI Data      Debug   

     14132        148        472       1608       2016     302311   Grand Totals
     14132        148        472        912       2016     302311   ELF Image Totals (compressed)
     14132        148        472        912          0          0   ROM Totals

==============================================================================

    Total RO  Size (Code + RO Data)                14604 (  14.26kB)
    Total RW  Size (RW Data + ZI Data)              3624 (   3.54kB)
    Total ROM Size (Code + RO Data + RW Data)      15516 (  15.15kB)

==============================================================================

